workload tag old_ms new_ms new_vs_old_pct
l2 candidate 0.0613130 0.0538565 -12.161%
l2 incumbent 0.0981760 0.0845120 -13.918%
l2 marlin-fp16 0.0218720 0.0201910 -7.686%
l2 marlin-fp32 0.0217760 0.0201435 -7.497%
l2 oracle 0.0482240 0.0456320 -5.375%
hbm candidate 0.1167040 0.1013130 -13.188%
hbm incumbent 0.1968805 0.1688640 -14.230%
hbm marlin-fp16 0.0380965 0.0356640 -6.385%
hbm marlin-fp32 0.0379840 0.0355200 -6.487%
hbm oracle 0.0836325 0.0735520 -12.053%
nonpower2 candidate 0.1422730 0.1225930 -13.833%
nonpower2 incumbent 0.2383050 0.2040330 -14.382%
nonpower2 marlin-fp16 0.0407680 0.0380160 -6.750%
nonpower2 marlin-fp32 0.0407525 0.0382075 -6.245%
nonpower2 oracle 0.0892800 0.0863050 -3.332%
long-k candidate 0.5440670 0.4640010 -14.716%
long-k incumbent 0.9576200 0.8112660 -15.283%
long-k marlin-fp16 0.1398565 0.1253120 -10.400%
long-k marlin-fp32 0.1399365 0.1254720 -10.336%
long-k oracle 0.3631050 0.3232970 -10.963%
speedup l2 candidate_vs_incumbent 1.569207x candidate_vs_fastest_marlin 0.374022x slower_than_marlin 2.673642x
speedup hbm candidate_vs_incumbent 1.666756x candidate_vs_fastest_marlin 0.350597x slower_than_marlin 2.852280x
speedup nonpower2 candidate_vs_incumbent 1.664312x candidate_vs_fastest_marlin 0.310099x slower_than_marlin 3.224774x
speedup long-k candidate_vs_incumbent 1.748414x candidate_vs_fastest_marlin 0.270068x slower_than_marlin 3.702766x
gmean candidate 0.132730880 incumbent 0.220459991 fastest_marlin 0.042967664 oracle 0.098372884
gmean_speedup candidate_vs_incumbent 1.660955x candidate_vs_fastest_marlin 0.323720x slower_than_marlin 3.089088x
noise_width_pct l2 2.497 hbm 1.327 nonpower2 1.436 long-k 0.807
