============================= test session starts ==============================
platform linux -- Python 3.12.13, pytest-9.0.2, pluggy-1.6.0 -- /usr/bin/python
cachedir: .pytest_cache
rootdir: $CONTAINER_WORKSPACE/tileops
configfile: pyproject.toml
plugins: anyio-4.14.2, xdist-3.8.0, timeout-2.3.1
collecting ... collected 34 items / 28 deselected / 6 selected

benchmarks/ops/bench_gemm.py::test_gemm_w4a16_bench[compile-smoke-square-64x64x128-float16] GemmW4A16Kernel initialized with config: {'block_m': 64, 'block_n': 64, 'block_k': 64, 'num_stages': 2, 'threads': 128}
  [correctness] tileops max_abs=0.0078125 max_rel=0.150520831
PASSED
benchmarks/ops/bench_gemm.py::test_gemm_w4a16_bench[compile-smoke-rect-128x256x256-float16] GemmW4A16Kernel initialized with config: {'block_m': 64, 'block_n': 64, 'block_k': 64, 'num_stages': 2, 'threads': 128}
  [correctness] tileops max_abs=0.0078125 max_rel=1.86996496
PASSED
benchmarks/ops/bench_gemm.py::test_gemm_w4a16_bench[decode-l2-resident-ish-float16] GemmW4A16DecodeKernel initialized with config: {'block_n': 16, 'threads': 128}
  [correctness] tileops max_abs=0.03125 max_rel=0.00623885915
  [correctness] marlin-fp32 max_abs=0.0625 max_rel=0.771835983
  [correctness] marlin-fp16 max_abs=0.0625 max_rel=1.40819967
PASSED
benchmarks/ops/bench_gemm.py::test_gemm_w4a16_bench[decode-hbm-streaming-threshold-float16] GemmW4A16DecodeKernel initialized with config: {'block_n': 16, 'threads': 128}
  [correctness] tileops max_abs=0.0625 max_rel=0.236912161
  [correctness] marlin-fp32 max_abs=0.0625 max_rel=9.20053196
  [correctness] marlin-fp16 max_abs=0.0625 max_rel=11.2732916
PASSED
benchmarks/ops/bench_gemm.py::test_gemm_w4a16_bench[decode-non-power2-low-cta-float16] GemmW4A16DecodeKernel initialized with config: {'block_n': 16, 'threads': 128}
  [correctness] tileops max_abs=0.0625 max_rel=0.020855058
  [correctness] marlin-fp32 max_abs=0.0625 max_rel=6.57364845
  [correctness] marlin-fp16 max_abs=0.0625 max_rel=8.70167828
PASSED
benchmarks/ops/bench_gemm.py::test_gemm_w4a16_bench[decode-long-k-pressure-float16] GemmW4A16DecodeKernel initialized with config: {'block_n': 16, 'threads': 128}
  [correctness] tileops max_abs=0.125 max_rel=0.0270819236
  [correctness] marlin-fp32 max_abs=0.25 max_rel=0.484437346
  [correctness] marlin-fp16 max_abs=0.25 max_rel=0.809103906
PASSEDBenchmark report saved to profile_run.log


=============================== warnings summary ===============================
benchmarks/ops/bench_gemm.py: 14 warnings
  /usr/local/lib/python3.12/dist-packages/torch/jit/_script.py:365: DeprecationWarning: `torch.jit.script_method` is deprecated. Please switch to `torch.compile` or `torch.export`.
    warnings.warn(

-- Docs: https://docs.pytest.org/en/stable/how-to/capture-warnings.html
- generated xml file: $CONTAINER_WORKSPACE/tileops/.artifacts/cu132/rebase-bench-gemm-w4a16.xml -
================ 6 passed, 28 deselected, 14 warnings in 31.58s ================
