# TileOPs Benchmark Report
Generated: 2026-08-11 18:34:18

## Environment

- **Torch version**: 2.10.0+cu129
- **CUDA version (torch)**: 12.9
- **GPU model**: NVIDIA H200
- **Driver version**: 595.71.05
- **GPU clocks**: SM current 1500 MHz, memory current 3201 MHz, application SM [Requested functionality has been deprecated] MHz, application memory [Requested functionality has been deprecated] MHz

## GemmW4A16Op

### tileops

| m | n | k | group_size | dtype_str | dtype | latency_ms | tflops | bandwidth_tbs | n_samples | latency_p10_ms | latency_p90_ms | timing | config |
| --- | --- | --- | --- | --- | --- | --- | --- | --- | --- | --- | --- | --- | --- |
| 64 | 64 | 128 | 128 | float16 | torch.float16 | 0.0043 | 0.2427 | 0.0067 | 200.0000 | 0.0042 | 0.0045 | cupti | {'block_m': 64, 'block_n': 64, 'block_k': 64, 'num_stages': 2, 'threads': 128} |
| 128 | 256 | 256 | 128 | float16 | torch.float16 | 0.0058 | 2.8964 | 0.0287 | 200.0000 | 0.0057 | 0.0060 | cupti | {'block_m': 64, 'block_n': 64, 'block_k': 64, 'num_stages': 2, 'threads': 128} |
| 1 | 8192 | 8192 | 128 | float16 | torch.float16 | 0.0612 | 2.1936 | 0.5918 | 200.0000 | 0.0606 | 0.0618 | cupti | {'block_n': 16, 'threads': 128} |
| 1 | 8192 | 16384 | 128 | float16 | torch.float16 | 0.1166 | 2.3027 | 0.6211 | 200.0000 | 0.1159 | 0.1174 | cupti | {'block_n': 16, 'threads': 128} |
| 1 | 7168 | 20480 | 128 | float16 | torch.float16 | 0.1422 | 2.0641 | 0.5567 | 200.0000 | 0.1414 | 0.1431 | cupti | {'block_n': 16, 'threads': 128} |
| 1 | 8192 | 81920 | 128 | float16 | torch.float16 | 0.5436 | 2.4690 | 0.6658 | 167.0000 | 0.5420 | 0.5460 | cupti | {'block_n': 16, 'threads': 128} |

### torch-dequantized-matmul

| m | n | k | group_size | dtype_str | dtype | latency_ms | tflops | bandwidth_tbs | n_samples | latency_p10_ms | latency_p90_ms | timing | config |
| --- | --- | --- | --- | --- | --- | --- | --- | --- | --- | --- | --- | --- | --- |
| 64 | 64 | 128 | 128 | float16 | torch.float16 | 0.0028 | 0.3766 | 0.0104 | 200.0000 | 0.0027 | 0.0029 | cupti | {'block_m': 64, 'block_n': 64, 'block_k': 64, 'num_stages': 2, 'threads': 128} |
| 128 | 256 | 256 | 128 | float16 | torch.float16 | 0.0031 | 5.4050 | 0.0536 | 200.0000 | 0.0031 | 0.0032 | cupti | {'block_m': 64, 'block_n': 64, 'block_k': 64, 'num_stages': 2, 'threads': 128} |
| 1 | 8192 | 8192 | 128 | float16 | torch.float16 | 0.0485 | 2.7694 | 0.7471 | 200.0000 | 0.0476 | 0.3075 | cupti | {'block_n': 16, 'threads': 128} |
| 1 | 8192 | 16384 | 128 | float16 | torch.float16 | 0.0836 | 3.2122 | 0.8664 | 200.0000 | 0.0821 | 0.3071 | cupti | {'block_n': 16, 'threads': 128} |
| 1 | 7168 | 20480 | 128 | float16 | torch.float16 | 0.0873 | 3.3621 | 0.9068 | 200.0000 | 0.0865 | 0.3135 | cupti | {'block_n': 16, 'threads': 128} |
| 1 | 8192 | 81920 | 128 | float16 | torch.float16 | 0.3635 | 3.6923 | 0.9957 | 200.0000 | 0.3612 | 0.3670 | cupti | {'block_n': 16, 'threads': 128} |

### marlin-fp32

| m | n | k | group_size | dtype_str | dtype | reduce_mode | use_fp32_reduce | latency_ms | tflops | bandwidth_tbs | n_samples | latency_p10_ms | latency_p90_ms | timing | config |
| --- | --- | --- | --- | --- | --- | --- | --- | --- | --- | --- | --- | --- | --- | --- | --- |
| 1 | 8192 | 8192 | 128 | float16 | torch.float16 | fp32 | True | 0.0218 | 6.1681 | 1.6640 | 200.0000 | 0.0215 | 0.0223 | cupti | {'block_n': 16, 'threads': 128} |
| 1 | 8192 | 16384 | 128 | float16 | torch.float16 | fp32 | True | 0.0380 | 7.0612 | 1.9045 | 200.0000 | 0.0375 | 0.0388 | cupti | {'block_n': 16, 'threads': 128} |
| 1 | 7168 | 20480 | 128 | float16 | torch.float16 | fp32 | True | 0.0407 | 7.2073 | 1.9440 | 200.0000 | 0.0403 | 0.0416 | cupti | {'block_n': 16, 'threads': 128} |
| 1 | 8192 | 81920 | 128 | float16 | torch.float16 | fp32 | True | 0.1395 | 9.6188 | 2.5939 | 200.0000 | 0.1386 | 0.1409 | cupti | {'block_n': 16, 'threads': 128} |

### marlin-fp16

| m | n | k | group_size | dtype_str | dtype | reduce_mode | use_fp32_reduce | latency_ms | tflops | bandwidth_tbs | n_samples | latency_p10_ms | latency_p90_ms | timing | config |
| --- | --- | --- | --- | --- | --- | --- | --- | --- | --- | --- | --- | --- | --- | --- | --- |
| 1 | 8192 | 8192 | 128 | float16 | torch.float16 | fp16 | False | 0.0219 | 6.1410 | 1.6567 | 200.0000 | 0.0216 | 0.0226 | cupti | {'block_n': 16, 'threads': 128} |
| 1 | 8192 | 16384 | 128 | float16 | torch.float16 | fp16 | False | 0.0382 | 7.0198 | 1.8933 | 200.0000 | 0.0377 | 0.0389 | cupti | {'block_n': 16, 'threads': 128} |
| 1 | 7168 | 20480 | 128 | float16 | torch.float16 | fp16 | False | 0.0408 | 7.1988 | 1.9417 | 200.0000 | 0.0403 | 0.0416 | cupti | {'block_n': 16, 'threads': 128} |
| 1 | 8192 | 81920 | 128 | float16 | torch.float16 | fp16 | False | 0.1396 | 9.6111 | 2.5918 | 200.0000 | 0.1386 | 0.1411 | cupti | {'block_n': 16, 'threads': 128} |
