GemmW4A16Kernel initialized with config: {'block_n': 4, 'threads': 128}
2026-08-11 18:12:20  [TileLang:tilelang.jit.kernel:INFO] (kernel.py:129): TileLang begins to compile kernel `main` with `out_idx=[4]`
2026-08-11 18:12:24  [TileLang:tilelang.jit.kernel:INFO] (kernel.py:137): TileLang completes to compile kernel `main`
{"label": "decode-l2-resident-ish", "m": 1, "n": 8192, "k": 8192, "config": {"block_n": 4, "threads": 128}, "timing": {"timing": "cupti"}, "samples": [0.084448, 0.08352, 0.083584, 0.083168, 0.08419199999999999, 0.083744, 0.08352, 0.083392, 0.083873, 0.08342400000000001, 0.08288, 0.082944, 0.08416, 0.084193, 0.084032, 0.084032, 0.083744, 0.08412800000000001, 0.083937, 0.083776, 0.083488, 0.08355200000000002, 0.083873, 0.08329600000000001, 0.08336, 0.083648, 0.083329, 0.08329600000000001, 0.084096, 0.084288, 0.084001, 0.084064, 0.08329600000000001, 0.083744, 0.083104, 0.083297, 0.08307200000000001, 0.083584, 0.08368, 0.083776, 0.083648, 0.084, 0.084705, 0.083744, 0.08320000000000001, 0.08304, 0.083361, 0.08342400000000001, 0.083745, 0.083488, 0.08336, 0.083168, 0.084064, 0.08352, 0.08342400000000001, 0.083745, 0.08288, 0.083201, 0.08320000000000001, 0.08380800000000001, 0.084064, 0.083872, 0.084512, 0.084544, 0.08409699999999999, 0.08416], "median_ms": 0.083664, "p10_ms": 0.083168, "p90_ms": 0.08416, "max_abs": 0.03125}
GemmW4A16Kernel initialized with config: {'block_n': 4, 'threads': 256}
2026-08-11 18:12:25  [TileLang:tilelang.jit.kernel:INFO] (kernel.py:129): TileLang begins to compile kernel `main` with `out_idx=[4]`
2026-08-11 18:12:29  [TileLang:tilelang.jit.kernel:INFO] (kernel.py:137): TileLang completes to compile kernel `main`
{"label": "decode-l2-resident-ish", "m": 1, "n": 8192, "k": 8192, "config": {"block_n": 4, "threads": 256}, "timing": {"timing": "cupti"}, "samples": [0.15276900000000002, 0.152673, 0.15276800000000001, 0.15321700000000002, 0.152608, 0.153377, 0.152928, 0.152545, 0.15321600000000002, 0.152545, 0.152897, 0.153088, 0.152576, 0.152833, 0.153344, 0.153249, 0.152929, 0.153441, 0.152993, 0.153249, 0.152064, 0.153248, 0.153249, 0.152865, 0.15347300000000003, 0.153825, 0.15305600000000003, 0.152801, 0.153761, 0.153249, 0.15260900000000002, 0.154177, 0.153344, 0.153057, 0.15289599999999998, 0.152801], "median_ms": 0.1530245, "p10_ms": 0.152608, "p90_ms": 0.15347300000000003, "max_abs": 0.03125}
GemmW4A16Kernel initialized with config: {'block_n': 8, 'threads': 128}
{"label": "decode-l2-resident-ish", "m": 1, "n": 8192, "k": 8192, "config": {"block_n": 8, "threads": 128}, "timing": {"timing": "cupti"}, "samples": [0.065953, 0.063649, 0.06384000000000001, 0.065248, 0.064672, 0.064288, 0.065152, 0.06512000000000001, 0.06444799999999999, 0.065249, 0.064512, 0.065248, 0.064768, 0.065056, 0.06540800000000001, 0.06403199999999999, 0.065281, 0.063808, 0.064544, 0.064576, 0.063937, 0.064736, 0.063904, 0.065216, 0.064704, 0.06467300000000001, 0.06444799999999999, 0.06495999999999999, 0.065216, 0.065312, 0.065345, 0.063392, 0.065056, 0.064832, 0.065024, 0.06416, 0.064832, 0.065088, 0.06476900000000001, 0.064416, 0.0648, 0.06576000000000001, 0.064544, 0.06531300000000001, 0.064064, 0.063585, 0.064, 0.06540800000000001, 0.064641, 0.065761, 0.063744, 0.064896, 0.064896, 0.064832, 0.064193, 0.065152, 0.065152, 0.065088, 0.064161, 0.064768, 0.06540800000000001, 0.0648, 0.064352, 0.063937, 0.06528, 0.06518399999999999, 0.064512, 0.064096, 0.06476900000000001, 0.06486499999999999, 0.064864, 0.064097, 0.06444799999999999, 0.064576, 0.065152, 0.06431999999999999, 0.064736, 0.064609, 0.064993, 0.06444799999999999, 0.064384, 0.064416, 0.065121, 0.06512000000000001, 0.06431999999999999, 0.063744, 0.065344], "median_ms": 0.064768, "p10_ms": 0.063937, "p90_ms": 0.065312, "max_abs": 0.03125}
GemmW4A16Kernel initialized with config: {'block_n': 8, 'threads': 256}
2026-08-11 18:12:30  [TileLang:tilelang.jit.kernel:INFO] (kernel.py:129): TileLang begins to compile kernel `main` with `out_idx=[4]`
2026-08-11 18:12:34  [TileLang:tilelang.jit.kernel:INFO] (kernel.py:137): TileLang completes to compile kernel `main`
{"label": "decode-l2-resident-ish", "m": 1, "n": 8192, "k": 8192, "config": {"block_n": 8, "threads": 256}, "timing": {"timing": "cupti"}, "samples": [0.08217700000000001, 0.08265600000000001, 0.08224, 0.08211199999999999, 0.082464, 0.08256100000000001, 0.08211199999999999, 0.082593, 0.08227200000000001, 0.082817, 0.081984, 0.08256100000000001, 0.08246500000000001, 0.08182500000000001, 0.08214400000000001, 0.081761, 0.08211199999999999, 0.081792, 0.08208, 0.08227200000000001, 0.081856, 0.082432, 0.08329600000000001, 0.08246500000000001, 0.082432, 0.08256100000000001, 0.081696, 0.082625, 0.082497, 0.08204800000000001, 0.082369, 0.08227200000000001, 0.08176000000000001, 0.08227200000000001, 0.082208, 0.08208, 0.082336, 0.083104, 0.0824, 0.082464, 0.082336, 0.08246500000000001, 0.08217700000000001, 0.08192, 0.08246500000000001, 0.08192, 0.08246500000000001, 0.0824, 0.08275199999999999, 0.08329600000000001, 0.082176], "median_ms": 0.082336, "p10_ms": 0.081856, "p90_ms": 0.08265600000000001, "max_abs": 0.03125}
GemmW4A16Kernel initialized with config: {'block_n': 16, 'threads': 128}
2026-08-11 18:12:34  [TileLang:tilelang.jit.kernel:INFO] (kernel.py:129): TileLang begins to compile kernel `main` with `out_idx=[4]`
2026-08-11 18:12:39  [TileLang:tilelang.jit.kernel:INFO] (kernel.py:137): TileLang completes to compile kernel `main`
{"label": "decode-l2-resident-ish", "m": 1, "n": 8192, "k": 8192, "config": {"block_n": 16, "threads": 128}, "timing": {"timing": "cupti"}, "samples": [0.061056, 0.061185, 0.060929000000000004, 0.060704, 0.061505000000000004, 0.061153, 0.061568, 0.061473, 0.06176, 0.061503999999999996, 0.061344, 0.062241, 0.061664000000000004, 0.061472000000000006, 0.061185, 0.061088, 0.060704, 0.060704, 0.061536, 0.060416, 0.061503999999999996, 0.060992, 0.06144, 0.061536, 0.061632, 0.061728000000000005, 0.060704, 0.060896, 0.061536, 0.060672, 0.061856, 0.060705, 0.0608, 0.060992, 0.061152000000000005, 0.060896, 0.061376, 0.062113, 0.06096, 0.061025, 0.061183999999999995], "median_ms": 0.061185, "p10_ms": 0.060704, "p90_ms": 0.061728000000000005, "max_abs": 0.03125}
GemmW4A16Kernel initialized with config: {'block_n': 16, 'threads': 256}
2026-08-11 18:12:39  [TileLang:tilelang.jit.kernel:INFO] (kernel.py:129): TileLang begins to compile kernel `main` with `out_idx=[4]`
2026-08-11 18:12:44  [TileLang:tilelang.jit.kernel:INFO] (kernel.py:137): TileLang completes to compile kernel `main`
{"label": "decode-l2-resident-ish", "m": 1, "n": 8192, "k": 8192, "config": {"block_n": 16, "threads": 256}, "timing": {"timing": "cupti"}, "samples": [0.064864, 0.06495999999999999, 0.065536, 0.065504, 0.065792, 0.065792, 0.065504, 0.06614400000000001, 0.06608, 0.065953, 0.06576000000000001, 0.06476900000000001, 0.065248, 0.064864, 0.065504, 0.065441, 0.065345, 0.065344, 0.066016, 0.065376, 0.06544, 0.065569, 0.06544, 0.06540800000000001, 0.066113, 0.06614400000000001, 0.065793, 0.06563200000000001, 0.06540800000000001, 0.065633, 0.06656000000000001, 0.064961, 0.06604900000000001, 0.065824, 0.065121, 0.066208, 0.065504, 0.06544, 0.066241, 0.065088, 0.06604900000000001, 0.065153, 0.065696, 0.065856], "median_ms": 0.06552, "p10_ms": 0.064961, "p90_ms": 0.06614400000000001, "max_abs": 0.03125}
GemmW4A16Kernel initialized with config: {'block_n': 4, 'threads': 128}
2026-08-11 18:12:44  [TileLang:tilelang.jit.kernel:INFO] (kernel.py:129): TileLang begins to compile kernel `main` with `out_idx=[4]`
2026-08-11 18:12:49  [TileLang:tilelang.jit.kernel:INFO] (kernel.py:137): TileLang completes to compile kernel `main`
{"label": "decode-hbm-streaming-threshold", "m": 1, "n": 8192, "k": 16384, "config": {"block_n": 4, "threads": 128}, "timing": {"timing": "cupti"}, "samples": [0.16364900000000002, 0.164417, 0.163968, 0.16566399999999998, 0.16361699999999998, 0.16368100000000002, 0.164192, 0.164481, 0.165248, 0.163744, 0.16342500000000001, 0.164225, 0.163488, 0.164929, 0.163809, 0.164512, 0.165089, 0.163553, 0.163584, 0.164001, 0.16384100000000001, 0.164289, 0.163809, 0.164225, 0.164193, 0.164353, 0.16409700000000002, 0.163553, 0.164065, 0.16553700000000002, 0.16531200000000001, 0.164289, 0.164065, 0.164129, 0.165633], "median_ms": 0.164129, "p10_ms": 0.163553, "p90_ms": 0.16531200000000001, "max_abs": 0.0625}
GemmW4A16Kernel initialized with config: {'block_n': 4, 'threads': 256}
2026-08-11 18:12:49  [TileLang:tilelang.jit.kernel:INFO] (kernel.py:129): TileLang begins to compile kernel `main` with `out_idx=[4]`
2026-08-11 18:12:53  [TileLang:tilelang.jit.kernel:INFO] (kernel.py:137): TileLang completes to compile kernel `main`
{"label": "decode-hbm-streaming-threshold", "m": 1, "n": 8192, "k": 16384, "config": {"block_n": 4, "threads": 256}, "timing": {"timing": "cupti"}, "samples": [0.303329, 0.303202, 0.302721, 0.303137, 0.30288099999999996, 0.303073, 0.30316899999999997, 0.302433, 0.30269, 0.302817, 0.303137, 0.303074, 0.303073, 0.303298, 0.30387400000000003, 0.30493000000000003, 0.303234, 0.30329700000000004, 0.30256099999999997, 0.30323300000000003, 0.302721, 0.302305, 0.303585, 0.30294600000000005, 0.302466, 0.30320100000000005, 0.303105, 0.303489], "median_ms": 0.303121, "p10_ms": 0.30256099999999997, "p90_ms": 0.303489, "max_abs": 0.0625}
GemmW4A16Kernel initialized with config: {'block_n': 8, 'threads': 128}
2026-08-11 18:12:54  [TileLang:tilelang.jit.kernel:INFO] (kernel.py:129): TileLang begins to compile kernel `main` with `out_idx=[4]`
2026-08-11 18:12:58  [TileLang:tilelang.jit.kernel:INFO] (kernel.py:137): TileLang completes to compile kernel `main`
{"label": "decode-hbm-streaming-threshold", "m": 1, "n": 8192, "k": 16384, "config": {"block_n": 8, "threads": 128}, "timing": {"timing": "cupti"}, "samples": [0.123457, 0.12374500000000001, 0.124416, 0.123329, 0.124481, 0.124064, 0.122913, 0.123776, 0.123296, 0.12384099999999999, 0.12342499999999999, 0.124192, 0.123776, 0.123553, 0.124032, 0.12281600000000001, 0.123553, 0.12364900000000001, 0.123296, 0.123104, 0.12416100000000001, 0.123137, 0.123392, 0.124609, 0.123777, 0.123777, 0.124768, 0.124417, 0.12304000000000001, 0.12336, 0.124032, 0.122976, 0.12368000000000001, 0.123681, 0.12345600000000001, 0.12387300000000001, 0.124225, 0.12387300000000001, 0.123488], "median_ms": 0.123681, "p10_ms": 0.123104, "p90_ms": 0.124416, "max_abs": 0.0625}
GemmW4A16Kernel initialized with config: {'block_n': 8, 'threads': 256}
2026-08-11 18:12:59  [TileLang:tilelang.jit.kernel:INFO] (kernel.py:129): TileLang begins to compile kernel `main` with `out_idx=[4]`
2026-08-11 18:13:03  [TileLang:tilelang.jit.kernel:INFO] (kernel.py:137): TileLang completes to compile kernel `main`
{"label": "decode-hbm-streaming-threshold", "m": 1, "n": 8192, "k": 16384, "config": {"block_n": 8, "threads": 256}, "timing": {"timing": "cupti"}, "samples": [0.160928, 0.160833, 0.161185, 0.161632, 0.160641, 0.162048, 0.160257, 0.160737, 0.161088, 0.160577, 0.159905, 0.160865, 0.161344, 0.160161, 0.160704, 0.160129, 0.160417, 0.160672, 0.160129, 0.159488, 0.160128, 0.15904, 0.160449, 0.161281, 0.160384, 0.15948900000000002, 0.160576, 0.15968100000000002, 0.160193, 0.159521, 0.16208000000000003, 0.15907300000000002, 0.159649, 0.160738, 0.16092900000000002], "median_ms": 0.160576, "p10_ms": 0.15948900000000002, "p90_ms": 0.161344, "max_abs": 0.0625}
GemmW4A16Kernel initialized with config: {'block_n': 16, 'threads': 128}
2026-08-11 18:13:04  [TileLang:tilelang.jit.kernel:INFO] (kernel.py:129): TileLang begins to compile kernel `main` with `out_idx=[4]`
2026-08-11 18:13:08  [TileLang:tilelang.jit.kernel:INFO] (kernel.py:137): TileLang completes to compile kernel `main`
{"label": "decode-hbm-streaming-threshold", "m": 1, "n": 8192, "k": 16384, "config": {"block_n": 16, "threads": 128}, "timing": {"timing": "cupti"}, "samples": [0.116704, 0.116321, 0.115968, 0.117056, 0.116736, 0.116, 0.116065, 0.11801600000000001, 0.116, 0.116321, 0.116673, 0.11622400000000001, 0.116672, 0.116001, 0.116672, 0.11552, 0.117056, 0.116672, 0.11545699999999999, 0.11580800000000001, 0.11609699999999999, 0.11654500000000001, 0.117024, 0.116064, 0.116448, 0.116033, 0.116416, 0.11584000000000001, 0.11593600000000001, 0.115872, 0.117216, 0.116481, 0.116417, 0.117536, 0.117505, 0.116513, 0.116, 0.116577, 0.116065, 0.116416, 0.116384, 0.116384, 0.116032, 0.115745, 0.11593600000000001, 0.116096, 0.115968, 0.116672], "median_ms": 0.1163525, "p10_ms": 0.115872, "p90_ms": 0.117056, "max_abs": 0.0625}
GemmW4A16Kernel initialized with config: {'block_n': 16, 'threads': 256}
2026-08-11 18:13:09  [TileLang:tilelang.jit.kernel:INFO] (kernel.py:129): TileLang begins to compile kernel `main` with `out_idx=[4]`
2026-08-11 18:13:13  [TileLang:tilelang.jit.kernel:INFO] (kernel.py:137): TileLang completes to compile kernel `main`
{"label": "decode-hbm-streaming-threshold", "m": 1, "n": 8192, "k": 16384, "config": {"block_n": 16, "threads": 256}, "timing": {"timing": "cupti"}, "samples": [0.12499299999999999, 0.125857, 0.125505, 0.126305, 0.126145, 0.125985, 0.126336, 0.124961, 0.125536, 0.125985, 0.125504, 0.127008, 0.126305, 0.12499299999999999, 0.126464, 0.126081, 0.12601600000000002, 0.125312, 0.125313, 0.12576, 0.12643300000000002, 0.125505, 0.125889, 0.124417, 0.125216, 0.126368, 0.125345, 0.126336, 0.125217, 0.125345, 0.126272, 0.125473, 0.12534399999999998, 0.12540900000000002, 0.125217, 0.127456, 0.125761, 0.126336], "median_ms": 0.1257605, "p10_ms": 0.125216, "p90_ms": 0.126368, "max_abs": 0.0625}
GemmW4A16Kernel initialized with config: {'block_n': 4, 'threads': 128}
2026-08-11 18:13:13  [TileLang:tilelang.jit.kernel:INFO] (kernel.py:129): TileLang begins to compile kernel `main` with `out_idx=[4]`
2026-08-11 18:13:18  [TileLang:tilelang.jit.kernel:INFO] (kernel.py:137): TileLang completes to compile kernel `main`
{"label": "decode-non-power2-low-cta", "m": 1, "n": 7168, "k": 20480, "config": {"block_n": 4, "threads": 128}, "timing": {"timing": "cupti"}, "samples": [0.180257, 0.179521, 0.17942500000000003, 0.17932900000000002, 0.181728, 0.18246500000000002, 0.182753, 0.180896, 0.180993, 0.181536, 0.181089, 0.180256, 0.181728, 0.181409, 0.179809, 0.182369, 0.181249, 0.180288, 0.181921, 0.18105600000000002, 0.182017, 0.18096, 0.18163300000000002, 0.181089, 0.180929, 0.182144, 0.180257, 0.181345, 0.18172900000000003, 0.180096, 0.181537, 0.18204900000000002, 0.180321, 0.180737, 0.180897, 0.18105600000000002], "median_ms": 0.18107250000000003, "p10_ms": 0.180096, "p90_ms": 0.182144, "max_abs": 0.0625}
GemmW4A16Kernel initialized with config: {'block_n': 4, 'threads': 256}
2026-08-11 18:13:18  [TileLang:tilelang.jit.kernel:INFO] (kernel.py:129): TileLang begins to compile kernel `main` with `out_idx=[4]`
2026-08-11 18:13:23  [TileLang:tilelang.jit.kernel:INFO] (kernel.py:137): TileLang completes to compile kernel `main`
{"label": "decode-non-power2-low-cta", "m": 1, "n": 7168, "k": 20480, "config": {"block_n": 4, "threads": 256}, "timing": {"timing": "cupti"}, "samples": [0.334498, 0.33507400000000004, 0.33485000000000004, 0.33590600000000004, 0.334562, 0.334657, 0.335233, 0.335169, 0.334978, 0.335009, 0.334978, 0.33571300000000004, 0.335073, 0.334529, 0.335553, 0.336097, 0.334946, 0.334882, 0.336034, 0.335042, 0.335009, 0.334434], "median_ms": 0.335009, "p10_ms": 0.334529, "p90_ms": 0.33590600000000004, "max_abs": 0.0625}
GemmW4A16Kernel initialized with config: {'block_n': 8, 'threads': 128}
2026-08-11 18:13:23  [TileLang:tilelang.jit.kernel:INFO] (kernel.py:129): TileLang begins to compile kernel `main` with `out_idx=[4]`
2026-08-11 18:13:27  [TileLang:tilelang.jit.kernel:INFO] (kernel.py:137): TileLang completes to compile kernel `main`
{"label": "decode-non-power2-low-cta", "m": 1, "n": 7168, "k": 20480, "config": {"block_n": 8, "threads": 128}, "timing": {"timing": "cupti"}, "samples": [0.148065, 0.147041, 0.146977, 0.14758500000000002, 0.14758500000000002, 0.147873, 0.147264, 0.147233, 0.147553, 0.147201, 0.14774500000000002, 0.148257, 0.148065, 0.14774500000000002, 0.14771299999999998, 0.147553, 0.147393, 0.148673, 0.147617, 0.147937, 0.148352, 0.146944, 0.147361, 0.148096, 0.14860900000000002, 0.147361, 0.147809, 0.14777600000000002, 0.147488, 0.148513, 0.147681, 0.147777, 0.14784, 0.147393, 0.1472], "median_ms": 0.147681, "p10_ms": 0.1472, "p90_ms": 0.148352, "max_abs": 0.0625}
GemmW4A16Kernel initialized with config: {'block_n': 8, 'threads': 256}
2026-08-11 18:13:28  [TileLang:tilelang.jit.kernel:INFO] (kernel.py:129): TileLang begins to compile kernel `main` with `out_idx=[4]`
2026-08-11 18:13:32  [TileLang:tilelang.jit.kernel:INFO] (kernel.py:137): TileLang completes to compile kernel `main`
{"label": "decode-non-power2-low-cta", "m": 1, "n": 7168, "k": 20480, "config": {"block_n": 8, "threads": 256}, "timing": {"timing": "cupti"}, "samples": [0.17641700000000002, 0.177601, 0.17587200000000003, 0.17558500000000002, 0.17641700000000002, 0.175937, 0.176321, 0.177793, 0.17600100000000002, 0.175969, 0.176225, 0.175201, 0.175969, 0.17555300000000001, 0.176961, 0.175937, 0.177313, 0.176513, 0.176321, 0.177504, 0.17587200000000003, 0.17660900000000002, 0.17558400000000002, 0.17542500000000003, 0.177152, 0.176481, 0.175777, 0.175361, 0.175809, 0.176, 0.176929, 0.175714, 0.176416, 0.176224], "median_ms": 0.1761125, "p10_ms": 0.17555300000000001, "p90_ms": 0.177313, "max_abs": 0.0625}
GemmW4A16Kernel initialized with config: {'block_n': 16, 'threads': 128}
2026-08-11 18:13:33  [TileLang:tilelang.jit.kernel:INFO] (kernel.py:129): TileLang begins to compile kernel `main` with `out_idx=[4]`
2026-08-11 18:13:37  [TileLang:tilelang.jit.kernel:INFO] (kernel.py:137): TileLang completes to compile kernel `main`
{"label": "decode-non-power2-low-cta", "m": 1, "n": 7168, "k": 20480, "config": {"block_n": 16, "threads": 128}, "timing": {"timing": "cupti"}, "samples": [0.143041, 0.14256100000000002, 0.141984, 0.141409, 0.141537, 0.142209, 0.1424, 0.140608, 0.141952, 0.14188800000000001, 0.142625, 0.141793, 0.14313700000000001, 0.141024, 0.141088, 0.14128100000000002, 0.140993, 0.14384100000000002, 0.14208, 0.141153, 0.141761, 0.142529, 0.141793, 0.14256, 0.14268799999999998, 0.142593, 0.141184, 0.142017, 0.141633, 0.14147300000000002, 0.141504, 0.142849, 0.141505, 0.14326499999999998, 0.142656, 0.142273, 0.14326499999999998], "median_ms": 0.141984, "p10_ms": 0.141153, "p90_ms": 0.143041, "max_abs": 0.0625}
GemmW4A16Kernel initialized with config: {'block_n': 16, 'threads': 256}
2026-08-11 18:13:38  [TileLang:tilelang.jit.kernel:INFO] (kernel.py:129): TileLang begins to compile kernel `main` with `out_idx=[4]`
2026-08-11 18:13:42  [TileLang:tilelang.jit.kernel:INFO] (kernel.py:137): TileLang completes to compile kernel `main`
{"label": "decode-non-power2-low-cta", "m": 1, "n": 7168, "k": 20480, "config": {"block_n": 16, "threads": 256}, "timing": {"timing": "cupti"}, "samples": [0.15328, 0.152993, 0.152833, 0.15404900000000002, 0.154625, 0.152545, 0.153377, 0.152993, 0.15404900000000002, 0.152993, 0.153665, 0.152577, 0.15424100000000002, 0.15459299999999998, 0.152673, 0.153345, 0.154145, 0.153665, 0.15315199999999998, 0.15193700000000002, 0.15315299999999998, 0.152704, 0.153089, 0.152545, 0.152672, 0.152417, 0.152672, 0.153409, 0.15456, 0.153313, 0.153409, 0.15356899999999998, 0.15244900000000003, 0.153249, 0.15312, 0.153985, 0.153825, 0.153921, 0.153281, 0.15408000000000002, 0.154017, 0.152513, 0.15305600000000003, 0.152576, 0.153249], "median_ms": 0.153249, "p10_ms": 0.152545, "p90_ms": 0.154145, "max_abs": 0.0625}
GemmW4A16Kernel initialized with config: {'block_n': 4, 'threads': 128}
2026-08-11 18:13:43  [TileLang:tilelang.jit.kernel:INFO] (kernel.py:129): TileLang begins to compile kernel `main` with `out_idx=[4]`
2026-08-11 18:13:47  [TileLang:tilelang.jit.kernel:INFO] (kernel.py:137): TileLang completes to compile kernel `main`
{"label": "decode-long-k-pressure", "m": 1, "n": 8192, "k": 81920, "config": {"block_n": 4, "threads": 128}, "timing": {"timing": "cupti"}, "samples": [0.8052830000000001, 0.810627, 0.8053790000000001, 0.80474, 0.804899, 0.805475, 0.808387, 0.8020510000000001, 0.8059230000000001, 0.806884, 0.8028200000000001], "median_ms": 0.8053790000000001, "p10_ms": 0.8028200000000001, "p90_ms": 0.808387, "max_abs": 0.25}
GemmW4A16Kernel initialized with config: {'block_n': 4, 'threads': 256}
2026-08-11 18:13:48  [TileLang:tilelang.jit.kernel:INFO] (kernel.py:129): TileLang begins to compile kernel `main` with `out_idx=[4]`
2026-08-11 18:13:52  [TileLang:tilelang.jit.kernel:INFO] (kernel.py:137): TileLang completes to compile kernel `main`
{"label": "decode-long-k-pressure", "m": 1, "n": 8192, "k": 81920, "config": {"block_n": 4, "threads": 256}, "timing": {"timing": "cupti"}, "samples": [1.506502, 1.509447, 1.509542, 1.50887, 1.509447, 1.5112059999999998, 1.50727, 1.5110139999999999, 1.507591, 1.5116230000000002], "median_ms": 1.509447, "p10_ms": 1.50727, "p90_ms": 1.5112059999999998, "max_abs": 0.25}
GemmW4A16Kernel initialized with config: {'block_n': 8, 'threads': 128}
2026-08-11 18:13:52  [TileLang:tilelang.jit.kernel:INFO] (kernel.py:129): TileLang begins to compile kernel `main` with `out_idx=[4]`
2026-08-11 18:13:57  [TileLang:tilelang.jit.kernel:INFO] (kernel.py:137): TileLang completes to compile kernel `main`
{"label": "decode-long-k-pressure", "m": 1, "n": 8192, "k": 81920, "config": {"block_n": 8, "threads": 128}, "timing": {"timing": "cupti"}, "samples": [0.610851, 0.6105309999999999, 0.610371, 0.610979, 0.612035, 0.610371, 0.610051, 0.612163, 0.609155, 0.61053, 0.611106, 0.613826, 0.612803], "median_ms": 0.610851, "p10_ms": 0.610051, "p90_ms": 0.612803, "max_abs": 0.25}
GemmW4A16Kernel initialized with config: {'block_n': 8, 'threads': 256}
2026-08-11 18:13:57  [TileLang:tilelang.jit.kernel:INFO] (kernel.py:129): TileLang begins to compile kernel `main` with `out_idx=[4]`
2026-08-11 18:14:02  [TileLang:tilelang.jit.kernel:INFO] (kernel.py:137): TileLang completes to compile kernel `main`
{"label": "decode-long-k-pressure", "m": 1, "n": 8192, "k": 81920, "config": {"block_n": 8, "threads": 256}, "timing": {"timing": "cupti"}, "samples": [0.7999400000000001, 0.8012830000000001, 0.801539, 0.804451, 0.7990750000000001, 0.7969310000000001, 0.798788, 0.799651, 0.797635, 0.801507, 0.801156], "median_ms": 0.7999400000000001, "p10_ms": 0.797635, "p90_ms": 0.801539, "max_abs": 0.25}
GemmW4A16Kernel initialized with config: {'block_n': 16, 'threads': 128}
2026-08-11 18:14:02  [TileLang:tilelang.jit.kernel:INFO] (kernel.py:129): TileLang begins to compile kernel `main` with `out_idx=[4]`
2026-08-11 18:14:07  [TileLang:tilelang.jit.kernel:INFO] (kernel.py:137): TileLang completes to compile kernel `main`
{"label": "decode-long-k-pressure", "m": 1, "n": 8192, "k": 81920, "config": {"block_n": 16, "threads": 128}, "timing": {"timing": "cupti"}, "samples": [0.545058, 0.543746, 0.546179, 0.543394, 0.542274, 0.543043, 0.543555, 0.545314, 0.544898, 0.5418270000000001, 0.5415380000000001, 0.543106, 0.545442, 0.5415380000000001, 0.544098], "median_ms": 0.543555, "p10_ms": 0.5415380000000001, "p90_ms": 0.545442, "max_abs": 0.25}
GemmW4A16Kernel initialized with config: {'block_n': 16, 'threads': 256}
2026-08-11 18:14:07  [TileLang:tilelang.jit.kernel:INFO] (kernel.py:129): TileLang begins to compile kernel `main` with `out_idx=[4]`
2026-08-11 18:14:12  [TileLang:tilelang.jit.kernel:INFO] (kernel.py:137): TileLang completes to compile kernel `main`
{"label": "decode-long-k-pressure", "m": 1, "n": 8192, "k": 81920, "config": {"block_n": 16, "threads": 256}, "timing": {"timing": "cupti"}, "samples": [0.595395, 0.593827, 0.593251, 0.5963550000000001, 0.5934429999999999, 0.5941150000000001, 0.593699, 0.594019, 0.59373, 0.594082, 0.594082, 0.592802, 0.595843, 0.593858], "median_ms": 0.5939384999999999, "p10_ms": 0.593251, "p90_ms": 0.595843, "max_abs": 0.25}
{"elapsed_seconds": 113.61246609687805}
