benchmarks/ops/bench_mamba2_e2e.py::test_mamba2_fwd_bench[smoke-b1-s256-4h]
benchmarks/ops/bench_mamba2_e2e.py::test_mamba2_fwd_bench[smoke-b2-s512-8h]
benchmarks/ops/bench_mamba2_e2e.py::test_mamba2_fwd_bench[full-130m-latency]
benchmarks/ops/bench_mamba2_e2e.py::test_mamba2_fwd_bench[full-130m-serving]
benchmarks/ops/bench_mamba2_e2e.py::test_mamba2_fwd_bench[full-130m-throughput]
benchmarks/ops/bench_mamba2_e2e.py::test_mamba2_fwd_bench[full-130m-long-ctx]
benchmarks/ops/bench_mamba2_e2e.py::test_mamba2_fwd_bench[full-370m-latency]
benchmarks/ops/bench_mamba2_e2e.py::test_mamba2_fwd_bench[full-370m-serving]
benchmarks/ops/bench_mamba2_e2e.py::test_mamba2_fwd_bench[full-370m-throughput]
benchmarks/ops/bench_mamba2_e2e.py::test_mamba2_fwd_bench[full-370m-long-ctx]
benchmarks/ops/bench_mamba2_e2e.py::test_mamba2_fwd_bench[full-780m-latency]
benchmarks/ops/bench_mamba2_e2e.py::test_mamba2_fwd_bench[full-780m-serving]
benchmarks/ops/bench_mamba2_e2e.py::test_mamba2_fwd_bench[full-780m-throughput]
benchmarks/ops/bench_mamba2_e2e.py::test_mamba2_fwd_bench[full-780m-long-ctx]
benchmarks/ops/bench_mamba2_e2e.py::test_mamba2_fwd_bench[full-1.3b-latency]
benchmarks/ops/bench_mamba2_e2e.py::test_mamba2_fwd_bench[full-1.3b-serving]
benchmarks/ops/bench_mamba2_e2e.py::test_mamba2_fwd_bench[full-1.3b-throughput]
benchmarks/ops/bench_mamba2_e2e.py::test_mamba2_fwd_bench[full-1.3b-long-ctx]
benchmarks/ops/bench_mamba2_e2e.py::test_mamba2_fwd_bench[full-2.7b-latency]
benchmarks/ops/bench_mamba2_e2e.py::test_mamba2_fwd_bench[full-2.7b-serving]
benchmarks/ops/bench_mamba2_e2e.py::test_mamba2_fwd_bench[full-2.7b-throughput]
benchmarks/ops/bench_mamba2_e2e.py::test_mamba2_fwd_bench[full-2.7b-long-ctx]
benchmarks/ops/bench_mamba2_e2e.py::test_mamba2_primary_manifest_bench[mamba2-2p7b-b1-s2k]
benchmarks/ops/bench_mamba2_e2e.py::test_mamba2_primary_manifest_bench[mamba2-1p3b-b1-s8k]

24 tests collected in 3.84s
