tests/ops/test_mamba.py::test_cb_producer_fwd[1-2-64-1-64-dtype0-False]
tests/ops/test_mamba.py::test_cb_producer_fwd[1-2-64-1-64-dtype1-False]
tests/ops/test_mamba.py::test_cb_producer_fwd[1-2-64-2-64-dtype2-False]
tests/ops/test_mamba.py::test_cb_producer_fwd[1-2-64-1-64-dtype3-True]
tests/ops/test_mamba.py::test_cb_producer_fwd[1-2-64-1-96-dtype4-False]
tests/ops/test_mamba.py::test_cb_producer_fwd[1-2-128-1-64-dtype5-False]
tests/ops/test_mamba.py::test_cb_producer_fwd[1-2-256-1-64-dtype6-False]
tests/ops/test_mamba.py::test_cb_producer_fwd[2-4-64-4-128-dtype7-False]
tests/ops/test_mamba.py::test_cb_producer_fwd_noncontiguous
tests/ops/test_mamba.py::test_da_cumsum_fwd[1-2-64-4-False-False-dtype0-False]
tests/ops/test_mamba.py::test_da_cumsum_fwd[1-2-64-4-True-False-dtype1-False]
tests/ops/test_mamba.py::test_da_cumsum_fwd[1-2-64-4-False-True-dtype2-False]
tests/ops/test_mamba.py::test_da_cumsum_fwd[1-2-64-4-True-True-dtype3-False]
tests/ops/test_mamba.py::test_da_cumsum_fwd[2-4-64-8-False-False-dtype4-False]
tests/ops/test_mamba.py::test_da_cumsum_fwd[1-2-128-4-False-False-dtype5-False]
tests/ops/test_mamba.py::test_da_cumsum_fwd[2-4-128-16-True-True-dtype6-False]
tests/ops/test_mamba.py::test_da_cumsum_fwd_missing_bias_raises
tests/ops/test_mamba.py::test_da_cumsum_fwd_padded_head_tile
tests/ops/test_mamba.py::test_da_cumsum_fwd_rejects_undeclared_output_dtype[dtype0]
tests/ops/test_mamba.py::test_da_cumsum_fwd_rejects_undeclared_output_dtype[dtype1]
tests/ops/test_mamba.py::test_ssd_chunk_scan_fwd[1-2-64-4-64-32-1-dtype0-False]
tests/ops/test_mamba.py::test_ssd_chunk_scan_fwd[1-2-128-4-128-32-1-dtype1-False]
tests/ops/test_mamba.py::test_ssd_chunk_scan_fwd[2-4-64-8-64-64-2-dtype2-False]
tests/ops/test_mamba.py::test_ssd_chunk_scan_fwd[2-2-64-4-64-32-2-dtype3-False]
tests/ops/test_mamba.py::test_ssd_chunk_state_fwd[1-2-64-4-64-32-1-dtype0-False-False]
tests/ops/test_mamba.py::test_ssd_chunk_state_fwd[1-2-128-4-128-32-1-dtype1-False-False]
tests/ops/test_mamba.py::test_ssd_chunk_state_fwd[2-4-64-8-64-64-2-dtype2-False-False]
tests/ops/test_mamba.py::test_ssd_chunk_state_fwd[2-2-64-4-64-32-2-dtype3-False-False]
tests/ops/test_mamba.py::test_ssd_chunk_state_fwd[2-4-64-8-64-64-2-dtype4-False-True]
tests/ops/test_mamba.py::test_ssd_chunk_state_fwd_seq_end_negative
tests/ops/test_mamba.py::test_ssd_state_passing_fwd[1-2-4-32-dtype0-False]
tests/ops/test_mamba.py::test_ssd_state_passing_fwd[1-2-4-32-dtype1-False]
tests/ops/test_mamba.py::test_ssd_state_passing_fwd[2-4-8-64-dtype2-False]
tests/ops/test_mamba.py::test_ssd_state_passing_fwd[2-4-8-64-dtype3-False]
tests/ops/test_mamba.py::test_ssd_state_passing_fwd_vectorize[dtype0-config0]
tests/ops/test_mamba.py::test_ssd_state_passing_fwd_vectorize[dtype0-config1]
tests/ops/test_mamba.py::test_ssd_state_passing_fwd_vectorize[dtype0-config2]
tests/ops/test_mamba.py::test_ssd_state_passing_fwd_vectorize[dtype1-config0]
tests/ops/test_mamba.py::test_ssd_state_passing_fwd_vectorize[dtype1-config1]
tests/ops/test_mamba.py::test_ssd_state_passing_fwd_vectorize[dtype1-config2]
tests/ops/test_mamba.py::test_ssd_decode[1-4-64-16-1-dtype0-False]
tests/ops/test_mamba.py::test_ssd_decode[1-4-64-16-1-dtype1-False]
tests/ops/test_mamba.py::test_ssd_decode[2-8-64-32-2-dtype2-False]
tests/ops/test_mamba.py::test_ssd_decode[2-8-128-64-4-dtype3-False]
tests/ops/test_mamba.py::test_mamba2_primary_matches_direct_recurrence_across_chunk_boundary[dtype0]
tests/ops/test_mamba.py::test_mamba2_primary_matches_direct_recurrence_across_chunk_boundary[dtype1]
tests/ops/test_mamba.py::test_mamba2_optional_variants_regressions[True-False]
tests/ops/test_mamba.py::test_mamba2_optional_variants_regressions[False-True]
tests/ops/test_mamba.py::test_mamba2_primary_manifest_outputs[mamba2-2p7b-b1-s2k]
tests/ops/test_mamba.py::test_mamba2_primary_manifest_outputs[mamba2-1p3b-b1-s8k]

50 tests collected in 2.04s
