DaCumsumFwdKernel initialized with config: {'block_h': 4, 'threads': 1024}
2026-08-11 20:51:52  [TileLang:tilelang.language.eager.builder:WARNING] (da_cumsum.py:117): Immutable value `val` is re-bound; use T.alloc_var to create a mutable variable.
2026-08-11 20:51:52  [TileLang:tilelang.language.eager.builder:WARNING] (da_cumsum.py:121): Immutable value `val` is re-bound; use T.alloc_var to create a mutable variable.
2026-08-11 20:51:52  [TileLang:tilelang.language.eager.builder:WARNING] (da_cumsum.py:128): Immutable value `val` is re-bound; use T.alloc_var to create a mutable variable.
2026-08-11 20:51:52  [TileLang:tilelang.language.eager.builder:WARNING] (da_cumsum.py:131): Immutable value `val` is re-bound; use T.alloc_var to create a mutable variable.
CBProducerKernel initialized with config: {'block_l': 64, 'block_s': 64, 'block_n': 64, 'threads': 128}
SSDChunkStateFwdKernel initialized with config: {'block_n': 128, 'block_p': 64, 'block_l': 32, 'threads': 128}
SSDStatePassingFwdKernel initialized with config: {'block_d': 64, 'threads': 128, 'vectorize': False}
SSDChunkScanFwdKernel initialized with config: {'block_l': 64, 'block_p': 64, 'block_n': 64, 'block_s': 64, 'threads': 128, 'num_stages': 3}
2026-08-11 20:51:52  [TileLang:tilelang.language.eager.builder:WARNING] (ssd_chunk_scan.py:361): Immutable value `anchor` is re-bound; use T.alloc_var to create a mutable variable.
DaCumsumFwdKernel initialized with config: {'block_h': 4, 'threads': 1024}
CBProducerKernel initialized with config: {'block_l': 64, 'block_s': 64, 'block_n': 64, 'threads': 128}
SSDChunkStateFwdKernel initialized with config: {'block_n': 128, 'block_p': 64, 'block_l': 32, 'threads': 128}
SSDStatePassingFwdKernel initialized with config: {'block_d': 64, 'threads': 128, 'vectorize': False}
SSDChunkScanFwdKernel initialized with config: {'block_l': 64, 'block_p': 64, 'block_n': 64, 'block_s': 64, 'threads': 128, 'num_stages': 3}
{
  "label": "mamba2-2p7b-b1-s2k",
  "config_name": "chunk-l64-t256",
  "selection": [
    "_chunk_state_op",
    {
      "block_n": 128,
      "block_p": 64,
      "block_l": 64,
      "threads": 256
    }
  ],
  "errors": [
    {
      "max_abs": 0.0,
      "mean_abs": 0.0
    },
    {
      "max_abs": 0.0,
      "mean_abs": 0.0
    }
  ],
  "timing": {
    "timing": "cupti"
  },
  "samples_ms": [
    0.292769,
    4.40047,
    4.285237,
    1.0429169999999999,
    1.126118,
    0.621732,
    0.25680200000000003,
    0.256801,
    0.264546,
    0.816901,
    0.8083239999999999,
    0.819491,
    0.7883880000000001,
    0.79642,
    0.238466,
    0.262689,
    0.264609,
    0.8077799999999999,
    0.806596,
    0.7910119999999999,
    0.80522,
    0.5900510000000001,
    0.245505,
    0.252641,
    0.280098,
    0.818181,
    0.793412,
    0.790467,
    0.795588,
    0.798084,
    0.25949,
    0.26422500000000004,
    0.264578,
    0.8146599999999999,
    0.802468,
    0.78922,
    0.792804,
    0.607491,
    0.244674,
    0.252545,
    0.274946,
    0.8124520000000001,
    0.8081,
    0.79338,
    0.8011240000000001,
    0.604771,
    0.254594,
    0.253153,
    0.256481,
    0.918981,
    0.8206760000000001,
    0.797252,
    0.785188,
    0.591459,
    0.252289,
    0.256705,
    0.263521,
    0.813188,
    0.7965800000000001,
    0.799684,
    0.8068529999999999,
    0.596163,
    0.253761,
    0.252482,
    0.254241,
    0.804292,
    0.859909,
    0.797988,
    0.798404,
    0.795652,
    0.244961,
    0.25213,
    0.274113,
    0.8166760000000001,
    0.7968999999999999,
    0.78986,
    0.781252,
    0.78826,
    0.252353,
    0.253537,
    0.259841,
    0.802468,
    0.7963239999999999,
    0.801156,
    0.788196,
    0.599203,
    0.258529,
    0.256545,
    0.25635399999999997,
    0.810404,
    0.7964840000000001,
    0.780164,
    0.799684,
    0.597602,
    0.246817,
    0.251617,
    0.256321,
    0.806372,
    0.810979,
    0.781316,
    0.790276,
    0.591203,
    0.25526499999999996,
    0.25453000000000003,
    0.25814600000000004,
    0.811076,
    0.79354,
    0.786948,
    0.784836,
    0.584995,
    0.242176,
    0.265313,
    0.267809,
    0.796196,
    0.7809,
    0.7753,
    0.792515,
    0.785444,
    0.245761,
    0.25513800000000003,
    0.266465,
    0.823012,
    0.795651,
    0.789572,
    0.784355,
    0.596227,
    0.254049,
    0.252706,
    0.257793,
    0.802308,
    0.78474,
    0.7804840000000001,
    0.7856040000000001,
    0.594947,
    0.240961,
    0.247713,
    0.26393700000000003,
    0.818596,
    0.805412,
    0.785572,
    0.7793640000000001,
    0.593347,
    0.25229,
    0.257474,
    0.25993700000000003,
    0.831397,
    0.78362,
    0.770019,
    0.788452,
    0.597155,
    0.240833,
    0.24960100000000002,
    0.255585,
    0.811812,
    0.798532,
    0.8020839999999999,
    0.7958120000000001,
    0.5943390000000001,
    0.243905,
    0.25837,
    0.263009,
    0.81978,
    0.7906920000000001,
    0.793636,
    0.7989160000000001,
    0.588387,
    0.244897,
    0.25725,
    0.26409699999999997,
    0.812356,
    0.788708,
    0.779107,
    0.782756,
    0.5885159999999999,
    0.23981,
    0.25622500000000004,
    0.263297,
    0.79818,
    0.790308,
    0.774916,
    0.789988,
    0.789412,
    0.240066,
    0.264673,
    0.264193,
    0.8123250000000001,
    0.805284,
    0.7801319999999999,
    0.795588,
    0.803012,
    0.238914,
    0.253569,
    0.25757,
    0.8015080000000001,
    0.8033,
    0.8168030000000001,
    0.7856040000000001,
    0.5888990000000001,
    0.24112200000000003,
    0.26041699999999995
  ],
  "median_ms": 0.780324,
  "p10_ms": 0.25229,
  "p90_ms": 0.8123250000000001
}
