DaCumsumFwdKernel initialized with config: {'block_h': 4, 'threads': 1024}
2026-08-11 20:50:27  [TileLang:tilelang.language.eager.builder:WARNING] (da_cumsum.py:117): Immutable value `val` is re-bound; use T.alloc_var to create a mutable variable.
2026-08-11 20:50:27  [TileLang:tilelang.language.eager.builder:WARNING] (da_cumsum.py:121): Immutable value `val` is re-bound; use T.alloc_var to create a mutable variable.
2026-08-11 20:50:27  [TileLang:tilelang.language.eager.builder:WARNING] (da_cumsum.py:128): Immutable value `val` is re-bound; use T.alloc_var to create a mutable variable.
2026-08-11 20:50:27  [TileLang:tilelang.language.eager.builder:WARNING] (da_cumsum.py:131): Immutable value `val` is re-bound; use T.alloc_var to create a mutable variable.
CBProducerKernel initialized with config: {'block_l': 64, 'block_s': 64, 'block_n': 64, 'threads': 128}
SSDChunkStateFwdKernel initialized with config: {'block_n': 128, 'block_p': 64, 'block_l': 32, 'threads': 128}
SSDStatePassingFwdKernel initialized with config: {'block_d': 64, 'threads': 128, 'vectorize': False}
SSDChunkScanFwdKernel initialized with config: {'block_l': 64, 'block_p': 64, 'block_n': 64, 'block_s': 64, 'threads': 128, 'num_stages': 3}
2026-08-11 20:50:27  [TileLang:tilelang.language.eager.builder:WARNING] (ssd_chunk_scan.py:361): Immutable value `anchor` is re-bound; use T.alloc_var to create a mutable variable.
DaCumsumFwdKernel initialized with config: {'block_h': 4, 'threads': 1024}
CBProducerKernel initialized with config: {'block_l': 64, 'block_s': 64, 'block_n': 64, 'threads': 128}
SSDChunkStateFwdKernel initialized with config: {'block_n': 128, 'block_p': 64, 'block_l': 32, 'threads': 128}
SSDStatePassingFwdKernel initialized with config: {'block_d': 64, 'threads': 128, 'vectorize': False}
SSDChunkScanFwdKernel initialized with config: {'block_l': 64, 'block_p': 64, 'block_n': 64, 'block_s': 64, 'threads': 128, 'num_stages': 3}
{
  "label": "mamba2-2p7b-b1-s2k",
  "config_name": "default",
  "selection": null,
  "errors": [
    {
      "max_abs": 0.0,
      "mean_abs": 0.0
    },
    {
      "max_abs": 0.0,
      "mean_abs": 0.0
    }
  ],
  "timing": {
    "timing": "cupti"
  },
  "samples_ms": [
    0.29741,
    4.4474160000000005,
    4.27996,
    1.1065989999999999,
    1.115847,
    0.817221,
    0.249826,
    0.256353,
    0.265442,
    1.7775450000000002,
    3.911926,
    0.787396,
    0.940965,
    3.4582910000000004,
    0.253441,
    0.265089,
    0.272258,
    0.806212,
    0.789188,
    0.782788,
    0.807044,
    0.597187,
    0.24588900000000002,
    0.263489,
    0.28237,
    0.80154,
    0.790661,
    0.76874,
    0.7831720000000001,
    0.600548,
    0.25926499999999997,
    0.260801,
    0.263905,
    0.820901,
    0.7892530000000001,
    0.775428,
    0.7829160000000001,
    0.611908,
    0.255106,
    0.257122,
    0.260289,
    0.822341,
    0.801764,
    0.7816369999999999,
    0.7797160000000001,
    0.600035,
    0.243105,
    0.253154,
    0.27536200000000005,
    0.889734,
    0.805668,
    0.787141,
    0.7973490000000001,
    0.612483,
    0.252737,
    0.251745,
    0.27446499999999996,
    0.823236,
    0.8009,
    0.796453,
    0.782309,
    0.594212,
    0.257986,
    0.254145,
    0.268257,
    0.80266,
    0.790788,
    0.788836,
    0.779972,
    0.590179,
    0.248161,
    0.265921,
    0.268898,
    0.799524,
    0.789285,
    0.7772519999999999,
    0.795269,
    0.6086119999999999,
    0.259681,
    0.255873,
    0.262081,
    0.7935080000000001,
    0.7900520000000001,
    0.823909,
    0.794725,
    0.597572,
    0.250145,
    0.250273,
    0.262049,
    0.809221,
    0.796516,
    0.779556,
    0.778852,
    0.7905639999999999,
    0.25644900000000004,
    0.258498,
    0.267201,
    0.810884,
    0.798181,
    0.798884,
    0.786436,
    0.78762,
    0.24019300000000002,
    0.26784199999999997,
    0.271586,
    0.8058930000000001,
    0.790212,
    0.775684,
    0.782981,
    0.793413,
    0.249953,
    0.263681,
    0.258242,
    0.792548,
    0.782948,
    0.791876,
    0.788516,
    0.5940510000000001,
    0.251329,
    0.253025,
    0.259777,
    0.8244210000000001,
    0.799813,
    0.7961,
    0.7866920000000001,
    0.597219,
    0.253921,
    0.254786,
    0.263777,
    0.8151079999999999,
    0.806181,
    0.8062440000000001,
    0.795781,
    0.7785960000000001,
    0.260898,
    0.25878500000000004,
    0.266113,
    0.807716,
    0.8052210000000001,
    0.782053,
    0.792261,
    0.786852,
    0.24749000000000002,
    0.25814600000000004,
    0.26393700000000003,
    0.835204,
    0.804868,
    0.779588,
    0.596419,
    0.773572,
    0.26160100000000003,
    0.27011399999999997,
    0.263394,
    0.793317,
    0.781733,
    0.783301,
    0.800261,
    0.7889,
    0.245825,
    0.253794,
    0.265313,
    0.804356,
    0.796132,
    0.782084,
    0.7817010000000001,
    0.7885489999999999,
    0.244898,
    0.262818,
    0.26870499999999997,
    0.800389,
    0.784612,
    0.785284,
    0.795044,
    0.597539,
    0.246817,
    0.250177,
    0.257953,
    0.800548,
    0.793765,
    0.7809,
    0.773188,
    0.5863400000000001,
    0.25766500000000003,
    0.26131400000000005,
    0.271841,
    0.8029810000000001,
    0.790085,
    0.7809,
    0.7842279999999999,
    0.594596,
    0.25283300000000003,
    0.256866,
    0.260162,
    0.795972,
    0.7959400000000001,
    0.7809,
    0.784068,
    0.590627,
    0.256065,
    0.256641
  ],
  "median_ms": 0.7795719999999999,
  "p10_ms": 0.253794,
  "p90_ms": 0.807044
}
