DaCumsumFwdKernel initialized with config: {'block_h': 4, 'threads': 1024}
2026-08-11 20:51:46  [TileLang:tilelang.language.eager.builder:WARNING] (da_cumsum.py:117): Immutable value `val` is re-bound; use T.alloc_var to create a mutable variable.
2026-08-11 20:51:46  [TileLang:tilelang.language.eager.builder:WARNING] (da_cumsum.py:121): Immutable value `val` is re-bound; use T.alloc_var to create a mutable variable.
2026-08-11 20:51:46  [TileLang:tilelang.language.eager.builder:WARNING] (da_cumsum.py:128): Immutable value `val` is re-bound; use T.alloc_var to create a mutable variable.
2026-08-11 20:51:46  [TileLang:tilelang.language.eager.builder:WARNING] (da_cumsum.py:131): Immutable value `val` is re-bound; use T.alloc_var to create a mutable variable.
CBProducerKernel initialized with config: {'block_l': 64, 'block_s': 64, 'block_n': 64, 'threads': 128}
SSDChunkStateFwdKernel initialized with config: {'block_n': 128, 'block_p': 64, 'block_l': 32, 'threads': 128}
SSDStatePassingFwdKernel initialized with config: {'block_d': 64, 'threads': 128, 'vectorize': False}
SSDChunkScanFwdKernel initialized with config: {'block_l': 64, 'block_p': 64, 'block_n': 64, 'block_s': 64, 'threads': 128, 'num_stages': 3}
2026-08-11 20:51:47  [TileLang:tilelang.language.eager.builder:WARNING] (ssd_chunk_scan.py:361): Immutable value `anchor` is re-bound; use T.alloc_var to create a mutable variable.
DaCumsumFwdKernel initialized with config: {'block_h': 4, 'threads': 1024}
CBProducerKernel initialized with config: {'block_l': 64, 'block_s': 64, 'block_n': 64, 'threads': 128}
SSDChunkStateFwdKernel initialized with config: {'block_n': 128, 'block_p': 64, 'block_l': 32, 'threads': 128}
SSDStatePassingFwdKernel initialized with config: {'block_d': 64, 'threads': 128, 'vectorize': False}
SSDChunkScanFwdKernel initialized with config: {'block_l': 64, 'block_p': 64, 'block_n': 64, 'block_s': 64, 'threads': 128, 'num_stages': 3}
{
  "label": "mamba2-2p7b-b1-s2k",
  "config_name": "scan-n64-t128-s128",
  "selection": [
    "_chunk_scan_op",
    {
      "block_l": 64,
      "block_p": 64,
      "block_n": 64,
      "block_s": 128,
      "threads": 128,
      "num_stages": 3
    }
  ],
  "errors": [
    {
      "max_abs": 0.0001220703125,
      "mean_abs": 5.592027396694732e-10
    },
    {
      "max_abs": 0.0,
      "mean_abs": 0.0
    }
  ],
  "timing": {
    "timing": "cupti"
  },
  "samples_ms": [
    0.341506,
    4.471955,
    4.358162999999999,
    1.213893,
    1.182374,
    0.893572,
    0.307425,
    0.311393,
    0.326433,
    0.8833,
    0.860836,
    0.7140190000000001,
    1.0422770000000001,
    0.6497630000000001,
    0.301697,
    0.309089,
    0.706915,
    1.034661,
    1.006661,
    1.005285,
    1.023876,
    0.6456660000000001,
    0.30524900000000005,
    0.31638600000000006,
    0.326337,
    1.016964,
    1.021444,
    0.99994,
    1.004836,
    1.009029,
    0.302721,
    0.31465699999999996,
    0.33760199999999996,
    1.031141,
    1.004932,
    1.001444,
    0.996452,
    0.6638740000000001,
    0.312226,
    0.31244900000000003,
    0.318913,
    1.007749,
    1.010341,
    1.0011240000000001,
    0.9905,
    0.9849640000000001,
    0.30189,
    0.320769,
    0.32329800000000003,
    1.1670440000000002,
    1.027588,
    1.006276,
    1.020196,
    0.657314,
    0.308258,
    0.31321699999999997,
    0.31949,
    1.013989,
    0.997668,
    1.003044,
    1.000996,
    0.991428,
    0.31357,
    0.314498,
    0.324162,
    1.013828,
    1.015557,
    1.011781,
    1.023365,
    1.018341,
    0.308769,
    0.308481,
    0.319681,
    1.024004,
    1.010404,
    1.01098,
    0.9969640000000001,
    0.988836,
    0.305282,
    0.311618,
    0.313633,
    1.009221,
    1.011525,
    1.002468,
    0.985444,
    0.995877,
    0.30013,
    0.32441699999999996,
    0.32876900000000003,
    1.014469,
    1.027588,
    1.00442,
    0.9955560000000001,
    0.652611,
    0.31555300000000003,
    0.312642,
    0.321793,
    1.000292,
    0.997444,
    1.011525,
    0.995461,
    0.99018,
    0.301505,
    0.307137,
    0.330017,
    1.0219880000000001,
    1.011908,
    1.0017,
    0.667043,
    0.663779,
    0.313761,
    0.316962,
    0.333281,
    1.0306600000000001,
    1.01626,
    1.003652,
    1.001348,
    0.9877480000000001,
    0.302945,
    0.315649,
    0.32099400000000006,
    1.010084,
    1.005892,
    0.9958440000000001,
    0.999812,
    0.992836,
    0.30797,
    0.31222500000000003,
    0.317346,
    1.012708,
    1.011588,
    0.998756,
    1.003268,
    0.652962,
    0.31379399999999996,
    0.314081,
    0.317698,
    1.0065330000000001,
    0.993188,
    0.98714,
    0.998469,
    0.988741,
    0.299841,
    0.308993,
    0.329538,
    1.032005,
    1.012837,
    0.994533,
    1.0044520000000001,
    0.650402,
    0.311714,
    0.319201,
    0.321058,
    1.001061,
    1.0068840000000001,
    1.007269,
    1.0000040000000001,
    0.993573,
    0.30694600000000005,
    0.309985,
    0.31792200000000004,
    1.011493,
    1.012548,
    0.987492,
    0.997636,
    0.6496040000000001,
    0.31680200000000003,
    0.33350599999999997,
    0.323361,
    1.027205,
    1.005379,
    0.999684,
    1.0068840000000001,
    0.983972,
    0.302241,
    0.309506,
    0.33421,
    1.013925,
    1.008549,
    0.995173,
    1.005765,
    0.644579,
    0.304673,
    0.31360000000000005,
    0.31721699999999997,
    1.013732,
    1.0035560000000001,
    0.9978920000000001,
    1.005733,
    0.6482910000000001,
    0.308481,
    0.314498,
    0.327553,
    1.017284,
    0.997636,
    1.002149,
    1.005284,
    0.996133,
    0.30534500000000003,
    0.316033
  ],
  "median_ms": 0.99034,
  "p10_ms": 0.308993,
  "p90_ms": 1.017284
}
