DaCumsumFwdKernel initialized with config: {'block_h': 4, 'threads': 1024}
2026-08-11 20:50:38  [TileLang:tilelang.language.eager.builder:WARNING] (da_cumsum.py:117): Immutable value `val` is re-bound; use T.alloc_var to create a mutable variable.
2026-08-11 20:50:38  [TileLang:tilelang.language.eager.builder:WARNING] (da_cumsum.py:121): Immutable value `val` is re-bound; use T.alloc_var to create a mutable variable.
2026-08-11 20:50:38  [TileLang:tilelang.language.eager.builder:WARNING] (da_cumsum.py:128): Immutable value `val` is re-bound; use T.alloc_var to create a mutable variable.
2026-08-11 20:50:38  [TileLang:tilelang.language.eager.builder:WARNING] (da_cumsum.py:131): Immutable value `val` is re-bound; use T.alloc_var to create a mutable variable.
CBProducerKernel initialized with config: {'block_l': 64, 'block_s': 64, 'block_n': 64, 'threads': 128}
SSDChunkStateFwdKernel initialized with config: {'block_n': 128, 'block_p': 64, 'block_l': 32, 'threads': 128}
SSDStatePassingFwdKernel initialized with config: {'block_d': 64, 'threads': 128, 'vectorize': False}
SSDChunkScanFwdKernel initialized with config: {'block_l': 64, 'block_p': 64, 'block_n': 64, 'block_s': 64, 'threads': 128, 'num_stages': 3}
2026-08-11 20:50:39  [TileLang:tilelang.language.eager.builder:WARNING] (ssd_chunk_scan.py:361): Immutable value `anchor` is re-bound; use T.alloc_var to create a mutable variable.
DaCumsumFwdKernel initialized with config: {'block_h': 4, 'threads': 1024}
CBProducerKernel initialized with config: {'block_l': 64, 'block_s': 64, 'block_n': 64, 'threads': 128}
SSDChunkStateFwdKernel initialized with config: {'block_n': 128, 'block_p': 64, 'block_l': 32, 'threads': 128}
SSDStatePassingFwdKernel initialized with config: {'block_d': 64, 'threads': 128, 'vectorize': False}
SSDChunkScanFwdKernel initialized with config: {'block_l': 64, 'block_p': 64, 'block_n': 64, 'block_s': 64, 'threads': 128, 'num_stages': 3}
{
  "label": "mamba2-1p3b-b1-s8k",
  "config_name": "default",
  "selection": null,
  "errors": [
    {
      "max_abs": 0.0,
      "mean_abs": 0.0
    },
    {
      "max_abs": 0.0,
      "mean_abs": 0.0
    }
  ],
  "timing": {
    "timing": "cupti"
  },
  "samples_ms": [
    0.417089,
    4.620459,
    4.444459,
    1.212674,
    1.235619,
    0.739394,
    0.368546,
    0.366753,
    0.374337,
    0.923971,
    0.9176660000000001,
    0.924194,
    0.913314,
    0.702466,
    0.364481,
    0.36717,
    0.381921,
    0.938018,
    0.9367380000000001,
    0.908066,
    0.926082,
    0.7050259999999999,
    0.37123300000000004,
    0.374753,
    0.375745,
    0.946851,
    0.924066,
    0.9180820000000001,
    0.911043,
    0.716098,
    0.368705,
    0.37417700000000004,
    0.376417,
    0.94365,
    0.9285460000000001,
    0.915395,
    0.909442,
    0.918627,
    0.365313,
    0.368321,
    0.371008,
    0.9393940000000001,
    0.9264020000000001,
    0.918211,
    0.912098,
    0.726818,
    0.373185,
    0.369025,
    0.376865,
    1.0296980000000002,
    0.9245140000000001,
    0.912162,
    0.915427,
    0.71805,
    0.367425,
    0.367105,
    0.373409,
    0.9538260000000001,
    0.925698,
    0.929026,
    0.90589,
    0.715361,
    0.36518500000000004,
    0.37955300000000003,
    0.384193,
    0.93149,
    0.9229470000000001,
    0.9058579999999999,
    0.917282,
    0.7223700000000001,
    0.365633,
    0.37222500000000003,
    0.376385,
    0.940322,
    0.915746,
    0.927939,
    0.9055700000000001,
    0.9163540000000001,
    0.36800099999999997,
    0.37040100000000004,
    0.377185,
    0.930498,
    0.909154,
    0.9157780000000001,
    0.9157780000000001,
    0.913442,
    0.365217,
    0.37555200000000005,
    0.37494600000000006,
    0.9409299999999999,
    0.928962,
    0.908963,
    0.914274,
    0.706466,
    0.362976,
    0.378849,
    0.382305,
    0.934947,
    0.9048660000000001,
    0.887906,
    0.920034,
    0.9106580000000001,
    0.36124900000000004,
    0.370721,
    0.372545,
    0.9335700000000001,
    0.920098,
    0.906051,
    0.90413,
    0.905347,
    0.366017,
    0.374817,
    0.379201,
    0.9160990000000001,
    0.924067,
    0.934946,
    0.904034,
    0.698978,
    0.367681,
    0.36720100000000006,
    0.37152100000000005,
    0.9329299999999999,
    0.926434,
    0.903907,
    0.90397,
    0.721889,
    0.368033,
    0.373889,
    0.37888099999999997,
    0.942115,
    0.918402,
    0.906466,
    0.909346,
    0.722018,
    0.374337,
    0.376065,
    0.876002,
    1.211331,
    1.210339,
    1.249283,
    1.2215070000000001,
    0.710818,
    0.362177,
    0.368,
    0.9110750000000001,
    1.223171,
    1.2214749999999999,
    1.2029480000000001,
    1.223139,
    0.719106,
    0.37273700000000004,
    0.371137,
    0.374305,
    1.2040350000000002,
    1.2135070000000001,
    1.2051230000000002,
    1.196835,
    0.7089610000000001,
    0.366464,
    0.377825,
    0.386881,
    1.2061469999999999,
    1.185731,
    1.184962,
    1.20506,
    0.7118099999999999,
    0.372161,
    0.366017,
    0.37168,
    1.201731,
    1.197187,
    1.188802,
    1.203907,
    0.705506,
    0.370113,
    0.36956900000000004,
    0.379873,
    1.213859,
    1.201827,
    1.198723,
    1.200611,
    0.70637,
    0.369985,
    0.366496,
    0.384257,
    1.1985640000000002,
    1.194403,
    1.1906910000000002,
    0.715489,
    0.723426,
    0.36668900000000004,
    0.368385,
    0.375137,
    1.203906,
    1.201859,
    1.185219,
    1.202787,
    0.7108500000000001,
    0.367456,
    0.370977
  ],
  "median_ms": 0.904498,
  "p10_ms": 0.368,
  "p90_ms": 1.202787
}
