DaCumsumFwdKernel initialized with config: {'block_h': 4, 'threads': 1024}
2026-08-11 20:50:44  [TileLang:tilelang.language.eager.builder:WARNING] (da_cumsum.py:117): Immutable value `val` is re-bound; use T.alloc_var to create a mutable variable.
2026-08-11 20:50:44  [TileLang:tilelang.language.eager.builder:WARNING] (da_cumsum.py:121): Immutable value `val` is re-bound; use T.alloc_var to create a mutable variable.
2026-08-11 20:50:44  [TileLang:tilelang.language.eager.builder:WARNING] (da_cumsum.py:128): Immutable value `val` is re-bound; use T.alloc_var to create a mutable variable.
2026-08-11 20:50:44  [TileLang:tilelang.language.eager.builder:WARNING] (da_cumsum.py:131): Immutable value `val` is re-bound; use T.alloc_var to create a mutable variable.
CBProducerKernel initialized with config: {'block_l': 64, 'block_s': 64, 'block_n': 64, 'threads': 128}
SSDChunkStateFwdKernel initialized with config: {'block_n': 128, 'block_p': 64, 'block_l': 32, 'threads': 128}
SSDStatePassingFwdKernel initialized with config: {'block_d': 64, 'threads': 128, 'vectorize': False}
SSDChunkScanFwdKernel initialized with config: {'block_l': 64, 'block_p': 64, 'block_n': 64, 'block_s': 64, 'threads': 128, 'num_stages': 3}
2026-08-11 20:50:44  [TileLang:tilelang.language.eager.builder:WARNING] (ssd_chunk_scan.py:361): Immutable value `anchor` is re-bound; use T.alloc_var to create a mutable variable.
DaCumsumFwdKernel initialized with config: {'block_h': 4, 'threads': 1024}
CBProducerKernel initialized with config: {'block_l': 64, 'block_s': 64, 'block_n': 64, 'threads': 128}
SSDChunkStateFwdKernel initialized with config: {'block_n': 128, 'block_p': 64, 'block_l': 32, 'threads': 128}
SSDStatePassingFwdKernel initialized with config: {'block_d': 64, 'threads': 128, 'vectorize': False}
SSDChunkScanFwdKernel initialized with config: {'block_l': 64, 'block_p': 64, 'block_n': 64, 'block_s': 64, 'threads': 128, 'num_stages': 3}
2026-08-11 20:50:44  [TileLang:tilelang.language.eager.builder:WARNING] (ssd_chunk_scan.py:361): Immutable value `anchor` is re-bound; use T.alloc_var to create a mutable variable.
{
  "label": "mamba2-1p3b-b1-s8k",
  "config_name": "scan-n64-t64-s64",
  "selection": [
    "_chunk_scan_op",
    {
      "block_l": 64,
      "block_p": 64,
      "block_n": 64,
      "block_s": 64,
      "threads": 64,
      "num_stages": 3
    }
  ],
  "errors": [
    {
      "max_abs": 0.0,
      "mean_abs": 0.0
    },
    {
      "max_abs": 0.0,
      "mean_abs": 0.0
    }
  ],
  "timing": {
    "timing": "cupti"
  },
  "samples_ms": [
    0.5359700000000001,
    4.665395999999999,
    1.062661,
    1.36871,
    4.518101,
    1.041125,
    0.486979,
    0.486978,
    0.502466,
    1.068357,
    1.026852,
    1.035684,
    1.030789,
    1.038501,
    0.489731,
    0.49232200000000004,
    0.495362,
    1.034596,
    1.03402,
    1.0378610000000001,
    1.028676,
    0.836515,
    0.50029,
    0.495491,
    0.49779500000000004,
    1.036293,
    1.0312999999999999,
    1.02458,
    1.029028,
    0.836964,
    0.48973000000000005,
    0.488418,
    0.504194,
    1.025221,
    1.043365,
    1.035461,
    1.0184360000000001,
    1.024484,
    0.487682,
    0.487938,
    0.505346,
    1.0485170000000001,
    1.034501,
    1.039364,
    1.037605,
    1.039365,
    0.495682,
    0.49491500000000005,
    0.49427499999999996,
    1.133925,
    1.038885,
    1.052581,
    1.01306,
    0.8543400000000001,
    0.502915,
    0.487554,
    0.500738,
    1.0406440000000001,
    1.037892,
    1.024741,
    1.029765,
    1.0275239999999999,
    0.47712200000000005,
    0.500066,
    0.501731,
    1.056805,
    1.034341,
    1.033604,
    1.026629,
    1.036165,
    0.488034,
    0.49689800000000006,
    0.508258,
    1.027301,
    1.034244,
    1.043653,
    1.016292,
    0.828899,
    0.488226,
    0.497122,
    0.5114580000000001,
    1.0526769999999999,
    1.0385,
    1.03703,
    1.024164,
    1.019333,
    0.477059,
    0.489699,
    0.499747,
    1.037541,
    1.010532,
    1.011685,
    1.012197,
    1.030021,
    0.49088200000000004,
    0.491491,
    0.510594,
    1.055077,
    1.028964,
    1.0315889999999999,
    1.022981,
    1.015461,
    0.48982600000000004,
    0.49373,
    0.495426,
    1.043973,
    1.0443250000000002,
    1.0145,
    1.0129,
    1.039877,
    0.488642,
    0.48787400000000003,
    0.491969,
    1.0416690000000002,
    1.023493,
    1.041412,
    1.020133,
    1.021733,
    0.49171499999999996,
    0.49462700000000004,
    0.503139,
    1.029317,
    1.029125,
    1.0369970000000002,
    1.043365,
    1.02586,
    0.491234,
    0.483906,
    0.50429,
    1.040613,
    1.0309169999999999,
    1.030789,
    1.03258,
    1.040996,
    0.489763,
    0.493219,
    0.49987400000000004,
    1.030373,
    1.046052,
    1.0379880000000001,
    1.0283250000000002,
    1.035141,
    0.48499400000000004,
    0.488418,
    0.509346,
    1.066181,
    1.040869,
    1.030629,
    1.021156,
    1.022693,
    0.48777800000000004,
    0.49600299999999997,
    0.495106,
    1.046597,
    1.0349490000000001,
    1.0298610000000001,
    1.035812,
    1.022725,
    0.48304199999999997,
    0.489825,
    0.508354,
    1.0363250000000002,
    1.033252,
    1.0269490000000001,
    1.019461,
    1.0324200000000001,
    0.488834,
    0.494178,
    0.504098,
    1.044901,
    1.038212,
    1.023365,
    1.020805,
    1.014852,
    0.479522,
    0.49792200000000003,
    0.506882,
    1.0476210000000001,
    1.023077,
    1.026341,
    1.012164,
    1.0318450000000001,
    0.48621,
    0.486818,
    0.491842,
    1.053797,
    1.036356,
    1.045636,
    1.036005,
    1.015428,
    0.483362,
    0.485506,
    0.501602,
    1.050596,
    1.02778,
    1.023269,
    1.019716
  ],
  "median_ms": 1.022981,
  "p10_ms": 0.488418,
  "p90_ms": 1.043973
}
