DaCumsumFwdKernel initialized with config: {'block_h': 4, 'threads': 1024}
2026-08-11 20:52:03  [TileLang:tilelang.language.eager.builder:WARNING] (da_cumsum.py:117): Immutable value `val` is re-bound; use T.alloc_var to create a mutable variable.
2026-08-11 20:52:04  [TileLang:tilelang.language.eager.builder:WARNING] (da_cumsum.py:121): Immutable value `val` is re-bound; use T.alloc_var to create a mutable variable.
2026-08-11 20:52:04  [TileLang:tilelang.language.eager.builder:WARNING] (da_cumsum.py:128): Immutable value `val` is re-bound; use T.alloc_var to create a mutable variable.
2026-08-11 20:52:04  [TileLang:tilelang.language.eager.builder:WARNING] (da_cumsum.py:131): Immutable value `val` is re-bound; use T.alloc_var to create a mutable variable.
CBProducerKernel initialized with config: {'block_l': 64, 'block_s': 64, 'block_n': 64, 'threads': 128}
SSDChunkStateFwdKernel initialized with config: {'block_n': 128, 'block_p': 64, 'block_l': 32, 'threads': 128}
SSDStatePassingFwdKernel initialized with config: {'block_d': 64, 'threads': 128, 'vectorize': False}
SSDChunkScanFwdKernel initialized with config: {'block_l': 64, 'block_p': 64, 'block_n': 64, 'block_s': 64, 'threads': 128, 'num_stages': 3}
2026-08-11 20:52:04  [TileLang:tilelang.language.eager.builder:WARNING] (ssd_chunk_scan.py:361): Immutable value `anchor` is re-bound; use T.alloc_var to create a mutable variable.
DaCumsumFwdKernel initialized with config: {'block_h': 4, 'threads': 1024}
CBProducerKernel initialized with config: {'block_l': 64, 'block_s': 64, 'block_n': 64, 'threads': 128}
SSDChunkStateFwdKernel initialized with config: {'block_n': 128, 'block_p': 64, 'block_l': 32, 'threads': 128}
SSDStatePassingFwdKernel initialized with config: {'block_d': 64, 'threads': 128, 'vectorize': False}
SSDChunkScanFwdKernel initialized with config: {'block_l': 64, 'block_p': 64, 'block_n': 64, 'block_s': 64, 'threads': 128, 'num_stages': 3}
{
  "label": "mamba2-1p3b-b1-s8k",
  "config_name": "chunk-l64-t256",
  "selection": [
    "_chunk_state_op",
    {
      "block_n": 128,
      "block_p": 64,
      "block_l": 64,
      "threads": 256
    }
  ],
  "errors": [
    {
      "max_abs": 0.0,
      "mean_abs": 0.0
    },
    {
      "max_abs": 0.0,
      "mean_abs": 0.0
    }
  ],
  "timing": {
    "timing": "cupti"
  },
  "samples_ms": [
    0.405505,
    4.398094,
    0.921187,
    1.235332,
    4.2402370000000005,
    0.9011870000000001,
    0.37148899999999996,
    0.39078500000000005,
    0.384801,
    0.918563,
    0.896482,
    0.921667,
    0.8897630000000001,
    0.726306,
    0.371425,
    0.37728100000000003,
    0.38134500000000005,
    0.907683,
    0.897891,
    0.908258,
    0.895811,
    0.723554,
    0.370529,
    0.373153,
    0.385313,
    0.914851,
    0.903651,
    0.8909790000000001,
    0.878531,
    0.715138,
    0.370753,
    0.36806500000000003,
    0.38141,
    0.907779,
    0.911875,
    0.901987,
    0.8986900000000001,
    0.7320019999999999,
    0.373313,
    0.372258,
    0.38499300000000003,
    0.9216989999999999,
    0.888419,
    0.882915,
    0.879202,
    0.721218,
    0.380513,
    0.383842,
    0.385825,
    0.981699,
    0.8924829999999999,
    0.9186259999999999,
    0.898083,
    0.895522,
    0.371105,
    0.372161,
    0.382369,
    0.918563,
    0.899586,
    0.878371,
    0.884866,
    0.8879710000000001,
    0.36982600000000004,
    0.380961,
    0.384609,
    0.895395,
    0.902882,
    0.909154,
    0.890531,
    0.733698,
    0.372481,
    0.370113,
    0.387201,
    0.919939,
    0.9002910000000001,
    0.8903390000000001,
    0.8913630000000001,
    0.73805,
    0.373889,
    0.378209,
    0.377282,
    0.910531,
    0.895875,
    0.8894420000000001,
    0.818434,
    0.741122,
    0.373953,
    0.37513799999999997,
    0.380705,
    0.8972190000000001,
    0.905155,
    0.899171,
    0.76477,
    0.729186,
    0.371393,
    0.375394,
    0.388642,
    0.917347,
    0.9017310000000001,
    0.890627,
    0.88493,
    0.723778,
    0.378466,
    0.381505,
    0.37804899999999997,
    0.907587,
    0.90397,
    0.901795,
    0.888931,
    0.724035,
    0.370017,
    0.374433,
    0.384801,
    0.917475,
    0.886914,
    0.903843,
    0.7735700000000001,
    0.742146,
    0.376801,
    0.37721699999999997,
    0.38009699999999996,
    0.916547,
    0.905507,
    0.9003540000000001,
    0.884962,
    0.8804510000000001,
    0.373697,
    0.376321,
    0.382114,
    0.920995,
    1.009668,
    0.9028830000000001,
    0.895715,
    0.7262419999999999,
    0.369729,
    0.370273,
    0.377058,
    0.9190750000000001,
    0.90077,
    0.900451,
    0.883043,
    0.717346,
    0.36806500000000003,
    0.377378,
    0.382818,
    0.931651,
    0.897795,
    0.89181,
    0.7637780000000001,
    0.741954,
    0.373794,
    0.37292899999999995,
    0.37683300000000003,
    0.910147,
    0.89981,
    0.895906,
    0.891747,
    0.887811,
    0.369442,
    0.37404899999999996,
    0.378369,
    0.895651,
    0.886531,
    0.887906,
    0.908675,
    0.8918429999999999,
    0.372769,
    0.375713,
    0.37488099999999996,
    0.912386,
    0.8933780000000001,
    0.902659,
    0.901667,
    0.746082,
    0.376065,
    0.37113799999999997,
    0.38092899999999996,
    0.914531,
    0.900675,
    0.895395,
    0.8792989999999999,
    0.881283,
    0.370242,
    0.385505,
    0.37811300000000003,
    0.910083,
    0.8888980000000001,
    0.8925150000000001,
    0.8840030000000001,
    0.739491,
    0.371714,
    0.37264200000000003,
    0.383969,
    0.9043220000000001,
    0.914019,
    0.8922910000000001,
    0.888131,
    0.878051,
    0.368258,
    0.37177699999999997
  ],
  "median_ms": 0.8792504999999999,
  "p10_ms": 0.372258,
  "p90_ms": 0.914019
}
