DaCumsumFwdKernel initialized with config: {'block_h': 4, 'threads': 1024}
2026-08-11 20:50:33  [TileLang:tilelang.language.eager.builder:WARNING] (da_cumsum.py:117): Immutable value `val` is re-bound; use T.alloc_var to create a mutable variable.
2026-08-11 20:50:33  [TileLang:tilelang.language.eager.builder:WARNING] (da_cumsum.py:121): Immutable value `val` is re-bound; use T.alloc_var to create a mutable variable.
2026-08-11 20:50:33  [TileLang:tilelang.language.eager.builder:WARNING] (da_cumsum.py:128): Immutable value `val` is re-bound; use T.alloc_var to create a mutable variable.
2026-08-11 20:50:33  [TileLang:tilelang.language.eager.builder:WARNING] (da_cumsum.py:131): Immutable value `val` is re-bound; use T.alloc_var to create a mutable variable.
CBProducerKernel initialized with config: {'block_l': 64, 'block_s': 64, 'block_n': 64, 'threads': 128}
SSDChunkStateFwdKernel initialized with config: {'block_n': 128, 'block_p': 64, 'block_l': 32, 'threads': 128}
SSDStatePassingFwdKernel initialized with config: {'block_d': 64, 'threads': 128, 'vectorize': False}
SSDChunkScanFwdKernel initialized with config: {'block_l': 64, 'block_p': 64, 'block_n': 64, 'block_s': 64, 'threads': 128, 'num_stages': 3}
2026-08-11 20:50:33  [TileLang:tilelang.language.eager.builder:WARNING] (ssd_chunk_scan.py:361): Immutable value `anchor` is re-bound; use T.alloc_var to create a mutable variable.
DaCumsumFwdKernel initialized with config: {'block_h': 4, 'threads': 1024}
CBProducerKernel initialized with config: {'block_l': 64, 'block_s': 64, 'block_n': 64, 'threads': 128}
SSDChunkStateFwdKernel initialized with config: {'block_n': 128, 'block_p': 64, 'block_l': 32, 'threads': 128}
SSDStatePassingFwdKernel initialized with config: {'block_d': 64, 'threads': 128, 'vectorize': False}
SSDChunkScanFwdKernel initialized with config: {'block_l': 64, 'block_p': 64, 'block_n': 64, 'block_s': 64, 'threads': 128, 'num_stages': 3}
2026-08-11 20:50:33  [TileLang:tilelang.language.eager.builder:WARNING] (ssd_chunk_scan.py:361): Immutable value `anchor` is re-bound; use T.alloc_var to create a mutable variable.
{
  "label": "mamba2-2p7b-b1-s2k",
  "config_name": "scan-n64-t64-s64",
  "selection": [
    "_chunk_scan_op",
    {
      "block_l": 64,
      "block_p": 64,
      "block_n": 64,
      "block_s": 64,
      "threads": 64,
      "num_stages": 3
    }
  ],
  "errors": [
    {
      "max_abs": 0.0,
      "mean_abs": 0.0
    },
    {
      "max_abs": 0.0,
      "mean_abs": 0.0
    }
  ],
  "timing": {
    "timing": "cupti"
  },
  "samples_ms": [
    0.323745,
    4.291246,
    4.297998,
    1.182532,
    1.22362,
    0.899779,
    0.281601,
    0.287617,
    0.294433,
    0.864291,
    0.847202,
    0.852674,
    0.846018,
    0.8565470000000001,
    0.291585,
    0.299329,
    0.30668900000000004,
    0.849443,
    0.8311390000000001,
    0.84557,
    0.8463700000000001,
    0.847298,
    0.283585,
    0.307424,
    0.315201,
    0.850307,
    0.840674,
    0.850179,
    0.831203,
    0.853635,
    0.283329,
    0.28924900000000003,
    0.298273,
    0.8593310000000001,
    0.858306,
    0.84893,
    0.8274900000000001,
    0.632322,
    0.284225,
    0.287521,
    0.293985,
    0.871779,
    0.836419,
    0.8506910000000001,
    0.8185950000000001,
    0.828515,
    0.292481,
    0.28851299999999996,
    0.29574500000000004,
    0.942915,
    0.8649950000000001,
    0.842627,
    0.8446420000000001,
    0.829219,
    0.277729,
    0.284705,
    0.297665,
    0.864227,
    0.854082,
    0.853539,
    0.85021,
    0.834466,
    0.277217,
    0.30144099999999996,
    0.30208,
    0.849187,
    0.847299,
    0.8488669999999999,
    0.8568669999999999,
    0.842179,
    0.28768099999999996,
    0.2864,
    0.292673,
    0.85741,
    0.836002,
    0.846818,
    0.8440660000000001,
    0.8372820000000001,
    0.30144099999999996,
    0.291329,
    0.297665,
    0.838275,
    0.8298909999999999,
    0.848995,
    0.845315,
    0.641154,
    0.28976100000000005,
    0.300802,
    0.296993,
    0.8515860000000001,
    0.8427870000000001,
    0.854274,
    0.8344020000000001,
    0.84317,
    0.286497,
    0.29059300000000005,
    0.314849,
    0.847619,
    0.840867,
    0.841923,
    0.831075,
    0.84413,
    0.285409,
    0.288673,
    0.31584100000000004,
    0.85757,
    0.838434,
    0.8265950000000001,
    0.840579,
    0.624962,
    0.28342500000000004,
    0.290209,
    0.302241,
    0.8546590000000001,
    0.8491230000000001,
    0.831491,
    0.846307,
    0.8484510000000001,
    0.28889600000000004,
    0.29261000000000004,
    0.294529,
    0.8391390000000001,
    0.8400340000000001,
    0.8475860000000001,
    0.837347,
    0.6264980000000001,
    0.289601,
    0.291265,
    0.303105,
    0.845155,
    0.845315,
    0.858307,
    0.838659,
    0.839682,
    0.274656,
    0.28518400000000005,
    0.299105,
    0.856066,
    0.836003,
    0.837474,
    0.8395549999999999,
    0.832195,
    0.28524900000000003,
    0.288449,
    0.303681,
    0.865347,
    0.838723,
    0.828963,
    0.8322590000000001,
    0.8315549999999999,
    0.285441,
    0.29129700000000003,
    0.310529,
    0.849763,
    0.835778,
    0.8327709999999999,
    0.823331,
    0.8621470000000001,
    0.28307299999999996,
    0.290625,
    0.298113,
    0.844739,
    0.8450270000000001,
    0.821571,
    0.841955,
    0.837315,
    0.285185,
    0.293825,
    0.29744099999999996,
    0.858274,
    0.85229,
    0.864514,
    0.8384980000000001,
    0.8314260000000001,
    0.283265,
    0.288609,
    0.300033,
    0.844323,
    0.831299,
    0.826723,
    0.8282590000000001,
    0.852322,
    0.28864100000000004,
    0.299618,
    0.296257,
    0.864067,
    0.84509,
    0.835075,
    0.841795,
    0.8259550000000001,
    0.287041,
    0.299713,
    0.31222500000000003,
    0.848611,
    0.8531219999999999,
    0.854626,
    0.8385940000000001,
    0.8342740000000001,
    0.280225,
    0.291233
  ],
  "median_ms": 0.832515,
  "p10_ms": 0.287521,
  "p90_ms": 0.8568669999999999
}
