DaCumsumFwdKernel initialized with config: {'block_h': 4, 'threads': 1024}
2026-08-11 20:51:58  [TileLang:tilelang.language.eager.builder:WARNING] (da_cumsum.py:117): Immutable value `val` is re-bound; use T.alloc_var to create a mutable variable.
2026-08-11 20:51:58  [TileLang:tilelang.language.eager.builder:WARNING] (da_cumsum.py:121): Immutable value `val` is re-bound; use T.alloc_var to create a mutable variable.
2026-08-11 20:51:58  [TileLang:tilelang.language.eager.builder:WARNING] (da_cumsum.py:128): Immutable value `val` is re-bound; use T.alloc_var to create a mutable variable.
2026-08-11 20:51:58  [TileLang:tilelang.language.eager.builder:WARNING] (da_cumsum.py:131): Immutable value `val` is re-bound; use T.alloc_var to create a mutable variable.
CBProducerKernel initialized with config: {'block_l': 64, 'block_s': 64, 'block_n': 64, 'threads': 128}
SSDChunkStateFwdKernel initialized with config: {'block_n': 128, 'block_p': 64, 'block_l': 32, 'threads': 128}
SSDStatePassingFwdKernel initialized with config: {'block_d': 64, 'threads': 128, 'vectorize': False}
SSDChunkScanFwdKernel initialized with config: {'block_l': 64, 'block_p': 64, 'block_n': 64, 'block_s': 64, 'threads': 128, 'num_stages': 3}
2026-08-11 20:51:58  [TileLang:tilelang.language.eager.builder:WARNING] (ssd_chunk_scan.py:361): Immutable value `anchor` is re-bound; use T.alloc_var to create a mutable variable.
DaCumsumFwdKernel initialized with config: {'block_h': 4, 'threads': 1024}
CBProducerKernel initialized with config: {'block_l': 64, 'block_s': 64, 'block_n': 64, 'threads': 128}
SSDChunkStateFwdKernel initialized with config: {'block_n': 128, 'block_p': 64, 'block_l': 32, 'threads': 128}
SSDStatePassingFwdKernel initialized with config: {'block_d': 64, 'threads': 128, 'vectorize': False}
SSDChunkScanFwdKernel initialized with config: {'block_l': 64, 'block_p': 64, 'block_n': 64, 'block_s': 64, 'threads': 128, 'num_stages': 3}
{
  "label": "mamba2-1p3b-b1-s8k",
  "config_name": "scan-n64-t128-s128",
  "selection": [
    "_chunk_scan_op",
    {
      "block_l": 64,
      "block_p": 64,
      "block_n": 64,
      "block_s": 128,
      "threads": 128,
      "num_stages": 3
    }
  ],
  "errors": [
    {
      "max_abs": 3.287196159362793e-05,
      "mean_abs": 5.545090497882654e-10
    },
    {
      "max_abs": 0.0,
      "mean_abs": 0.0
    }
  ],
  "timing": {
    "timing": "cupti"
  },
  "samples_ms": [
    0.5867870000000001,
    4.685016,
    4.572151,
    2.054442,
    4.557368,
    4.301366,
    0.549827,
    0.556002,
    0.5610259999999999,
    1.1149179999999999,
    1.1026289999999999,
    1.098598,
    1.965194,
    4.086133,
    0.555875,
    0.562947,
    0.562819,
    1.116677,
    1.08519,
    1.1274929999999999,
    0.911141,
    1.09575,
    0.5435230000000001,
    0.554658,
    0.5590109999999999,
    1.1141500000000002,
    1.100934,
    1.1079729999999999,
    1.094726,
    0.891557,
    0.5436190000000001,
    0.5459550000000001,
    0.563491,
    1.109509,
    1.0909179999999998,
    1.0978610000000002,
    1.086278,
    1.104773,
    0.546435,
    0.551843,
    0.554947,
    1.115078,
    1.104933,
    1.114822,
    1.085414,
    1.09447,
    0.542211,
    0.552483,
    0.568226,
    1.199366,
    1.112454,
    1.082213,
    1.0881980000000002,
    1.1031099999999998,
    0.54989,
    0.554242,
    0.5540510000000001,
    1.1049980000000001,
    1.105318,
    1.105126,
    1.0877180000000002,
    1.094982,
    0.5386580000000001,
    0.550115,
    0.559491,
    1.0977970000000001,
    1.100454,
    1.0877809999999999,
    1.084486,
    1.095302,
    0.543394,
    0.550659,
    0.564771,
    1.108806,
    1.090374,
    1.11303,
    1.091942,
    1.091077,
    0.544963,
    0.551523,
    0.557954,
    1.1155899999999999,
    1.094565,
    1.107878,
    1.101894,
    1.107654,
    0.5395230000000001,
    0.555875,
    0.557732,
    1.106182,
    1.099749,
    1.078758,
    1.104134,
    1.0968689999999999,
    0.5471710000000001,
    0.547427,
    0.556387,
    1.1425340000000002,
    1.1056700000000002,
    1.081318,
    1.098117,
    0.890948,
    0.543011,
    0.547139,
    0.554212,
    1.121958,
    1.104261,
    1.085254,
    1.085414,
    0.8944690000000001,
    0.551299,
    0.5556190000000001,
    0.553027,
    1.100902,
    1.0952380000000002,
    1.104198,
    1.084838,
    1.0896690000000002,
    0.541603,
    0.5510750000000001,
    0.555907,
    1.121542,
    1.0940860000000001,
    1.099942,
    1.0864690000000001,
    0.901316,
    0.5498590000000001,
    0.554755,
    0.556098,
    1.1066300000000002,
    1.094757,
    1.095974,
    1.094661,
    1.0849010000000001,
    0.5405789999999999,
    0.562787,
    0.561508,
    1.0993979999999999,
    1.096614,
    1.103014,
    1.0911410000000001,
    0.892612,
    0.5405789999999999,
    0.543875,
    0.566403,
    1.137478,
    1.103781,
    1.1040699999999999,
    1.102757,
    1.08247,
    0.5402910000000001,
    0.546083,
    0.5525789999999999,
    1.113766,
    1.103653,
    1.100198,
    1.10551,
    0.8917160000000001,
    0.554371,
    0.557603,
    0.559427,
    1.1122290000000001,
    1.0987580000000001,
    1.0955899999999998,
    1.088357,
    1.084934,
    0.545763,
    0.5517150000000001,
    0.559491,
    1.104645,
    1.0918130000000001,
    1.101542,
    1.085605,
    1.099973,
    0.544322,
    0.549219,
    0.565123,
    1.113958
  ],
  "median_ms": 1.0870935000000002,
  "p10_ms": 0.547139,
  "p90_ms": 1.1141500000000002
}
