FFTC2CKernel initialized with config: {'block_size': 1024, 'threads': 512}
2026-08-11 21:43:28  [TileLang:tilelang.jit.kernel:INFO] (kernel.py:129): TileLang begins to compile kernel `_fft_lut_main` with `out_idx=[4, 5, 6]`
2026-08-11 21:43:33  [TileLang:tilelang.jit.kernel:INFO] (kernel.py:137): TileLang completes to compile kernel `_fft_lut_main`
/usr/local/lib/python3.12/dist-packages/torch/profiler/profiler.py:217: UserWarning: Warning: Profiler clears events at the end of each cycle.Only events from the current cycle will be reported.To keep events across cycles, set acc_events=True.
  _warn_once(
FFTC2CKernel initialized with config: {'block_size': 1024, 'threads': 512}
2026-08-11 21:43:34  [TileLang:tilelang.jit.kernel:INFO] (kernel.py:129): TileLang begins to compile kernel `_fft_lut_main` with `out_idx=[4, 5, 6]`
2026-08-11 21:43:39  [TileLang:tilelang.jit.kernel:INFO] (kernel.py:137): TileLang completes to compile kernel `_fft_lut_main`
FFTC2CKernel initialized with config: {'block_size': 1024, 'threads': 512}
2026-08-11 21:43:40  [TileLang:tilelang.jit.kernel:INFO] (kernel.py:129): TileLang begins to compile kernel `_fft_lut_main` with `out_idx=[4, 5, 6]`
2026-08-11 21:43:45  [TileLang:tilelang.jit.kernel:INFO] (kernel.py:137): TileLang completes to compile kernel `_fft_lut_main`
{
  "torch": "2.10.0+cu129",
  "cuda": "12.9",
  "gpu": "NVIDIA H200",
  "manifest_entry": {
    "ref_api": "torch.fft.fft",
    "family": "spectral",
    "status": "implemented",
    "signature": {
      "inputs": {
        "input": {
          "dtype": "complex64 | complex128",
          "shape": "[..., n]"
        }
      },
      "outputs": {
        "output": {
          "dtype": "same_as(input)",
          "shape": "same_as(input)"
        }
      },
      "shape_rules": [
        "input.shape[-1] > 0",
        "input.shape[-1] & (input.shape[-1] - 1) == 0"
      ]
    },
    "workloads": [
      {
        "input_shape": [
          4096
        ],
        "dtypes": [
          "complex64"
        ],
        "label": "fft-4k-c64-unbatched"
      },
      {
        "input_shape": [
          64,
          4096
        ],
        "dtypes": [
          "complex64"
        ],
        "label": "fft-4k-c64-b64"
      },
      {
        "input_shape": [
          64,
          4096
        ],
        "dtypes": [
          "complex128"
        ],
        "label": "fft-4k-c128-b64"
      }
    ],
    "roofline": {
      "func": "tileops.perf.formulas.fft_c2c_roofline"
    },
    "source": {
      "kernel": "tileops/kernels/fft.py",
      "kernel_map": {
        "fft_c2c_kernel": "FFTC2CKernel"
      },
      "op": "tileops/ops/fft.py",
      "test": "tests/ops/test_fft.py",
      "bench": "benchmarks/ops/bench_fft.py",
      "bench_manifest_driven": true
    }
  },
  "rows": [
    {
      "label": "fft-4k-c64-unbatched",
      "shape": [
        4096
      ],
      "dtype": "torch.complex64",
      "input_stride": [
        1
      ],
      "outputs": {
        "incumbent_shape": [
          4096
        ],
        "incumbent_dtype": "torch.complex64",
        "official_shape": [
          4096
        ],
        "official_dtype": "torch.complex64",
        "max_abs": 7.638925308128819e-05,
        "mean_abs": 1.8198348698206246e-05,
        "allclose": true
      },
      "cufft_plan_cache": {
        "before": 0,
        "after_first_official_call": 1,
        "after_timing": 1
      },
      "latency_ms": {
        "incumbent_event": {
          "samples_ms": [
            0.45126399397850037,
            0.4182719886302948,
            0.38047999143600464,
            0.36396801471710205,
            0.3657279908657074,
            0.38860800862312317,
            0.4519680142402649,
            0.3797760009765625,
            0.3832319974899292,
            0.3696959912776947,
            0.37750399112701416,
            0.3617919981479645,
            0.36588799953460693,
            0.3680320084095001,
            0.35839998722076416,
            0.3681280016899109,
            0.3540799915790558,
            0.36735999584198,
            0.3656960129737854,
            0.3617280125617981
          ],
          "median_ms": 0.3680800050497055,
          "p10_ms": 0.3617280125617981,
          "p90_ms": 0.4182719886302948
        },
        "official_event": {
          "samples_ms": [
            0.05846399813890457,
            0.05363199859857559,
            0.05190400034189224,
            0.05366399884223938,
            0.04710400104522705,
            0.04758400097489357,
            0.049695998430252075,
            0.05225599929690361,
            0.04793599992990494,
            0.048928000032901764,
            0.04726399853825569,
            0.04662400111556053,
            0.04879999905824661,
            0.046271998435258865,
            0.047359999269247055,
            0.047359999269247055,
            0.04668800160288811,
            0.04585599899291992,
            0.04739199951291084,
            0.04639999940991402
          ],
          "median_ms": 0.047488000243902206,
          "p10_ms": 0.04639999940991402,
          "p90_ms": 0.05363199859857559
        }
      },
      "official_profile_cuda_events": [
        {
          "key": "aten::_fft_c2c",
          "count": 1,
          "self_device_time_us": 4.1909999999998035
        },
        {
          "key": "Activity Buffer Request",
          "count": 1,
          "self_device_time_us": 4.1909999999998035
        },
        {
          "key": "void vector_fft<4096u, EPT<16u>, 1u, 5u, (padding_t)70, (twiddle_t)0, (loadstore_modifier_t)2, (layout_t)0, unsigned int, float, HostConfigPlaceholder>(kernel_arguments_t<unsigned int>)",
          "count": 1,
          "self_device_time_us": 4.1909999999998035
        }
      ]
    },
    {
      "label": "fft-4k-c64-b64",
      "shape": [
        64,
        4096
      ],
      "dtype": "torch.complex64",
      "input_stride": [
        4096,
        1
      ],
      "outputs": {
        "incumbent_shape": [
          64,
          4096
        ],
        "incumbent_dtype": "torch.complex64",
        "official_shape": [
          64,
          4096
        ],
        "official_dtype": "torch.complex64",
        "max_abs": 0.00011009880108758807,
        "mean_abs": 1.8459828424965963e-05,
        "allclose": true
      },
      "cufft_plan_cache": {
        "before": 1,
        "after_first_official_call": 2,
        "after_timing": 2
      },
      "latency_ms": {
        "incumbent_event": {
          "samples_ms": [
            0.48281601071357727,
            0.4657280147075653,
            0.4487360119819641,
            0.4639360010623932,
            0.4490239918231964,
            0.4540799856185913,
            0.4338560104370117,
            0.4451200067996979,
            0.44681599736213684,
            0.4346559941768646,
            0.44310399889945984,
            0.43913599848747253,
            0.4403199851512909,
            0.4310080111026764,
            0.4801279902458191,
            0.43507200479507446,
            0.44489601254463196,
            0.44150400161743164,
            0.443807989358902,
            0.4368000030517578
          ],
          "median_ms": 0.44435200095176697,
          "p10_ms": 0.4346559941768646,
          "p90_ms": 0.4657280147075653
        },
        "official_event": {
          "samples_ms": [
            0.07635200023651123,
            0.07414399832487106,
            0.07100799679756165,
            0.06982400268316269,
            0.07036799937486649,
            0.07030399888753891,
            0.07020799815654755,
            0.07088000327348709,
            0.07001599669456482,
            0.069023996591568,
            0.07014399766921997,
            0.0721919983625412,
            0.07075200229883194,
            0.0804160013794899,
            0.06908799707889557,
            0.06985600292682648,
            0.07027199864387512,
            0.0719359964132309,
            0.07078400254249573,
            0.07267200201749802
          ],
          "median_ms": 0.07056000083684921,
          "p10_ms": 0.06982400268316269,
          "p90_ms": 0.07414399832487106
        }
      },
      "official_profile_cuda_events": [
        {
          "key": "aten::_fft_c2c",
          "count": 1,
          "self_device_time_us": 4.288000000000011
        },
        {
          "key": "Activity Buffer Request",
          "count": 1,
          "self_device_time_us": 4.288000000000011
        },
        {
          "key": "void vector_fft<4096u, EPT<16u>, 1u, 5u, (padding_t)70, (twiddle_t)0, (loadstore_modifier_t)2, (layout_t)0, unsigned int, float, HostConfigPlaceholder>(kernel_arguments_t<unsigned int>)",
          "count": 1,
          "self_device_time_us": 4.288000000000011
        }
      ]
    },
    {
      "label": "fft-4k-c128-b64",
      "shape": [
        64,
        4096
      ],
      "dtype": "torch.complex128",
      "input_stride": [
        4096,
        1
      ],
      "outputs": {
        "incumbent_shape": [
          64,
          4096
        ],
        "incumbent_dtype": "torch.complex128",
        "official_shape": [
          64,
          4096
        ],
        "official_dtype": "torch.complex128",
        "max_abs": 2.2061179118196637e-13,
        "mean_abs": 3.575303209723673e-14,
        "allclose": true
      },
      "cufft_plan_cache": {
        "before": 2,
        "after_first_official_call": 3,
        "after_timing": 3
      },
      "latency_ms": {
        "incumbent_event": {
          "samples_ms": [
            0.1390720009803772,
            0.12800000607967377,
            0.12294399738311768,
            0.12297599762678146,
            0.11929599940776825,
            0.12780800461769104,
            0.12601600587368011,
            0.12185599654912949,
            0.1265919953584671,
            0.12083200365304947,
            0.11747200042009354,
            0.11872000247240067,
            0.1233920007944107,
            0.12064000219106674,
            0.1199679970741272,
            0.11779200285673141,
            0.11776000261306763,
            0.11823999881744385,
            0.1181119978427887,
            0.12374400347471237
          ],
          "median_ms": 0.12134400010108948,
          "p10_ms": 0.11779200285673141,
          "p90_ms": 0.12780800461769104
        },
        "official_event": {
          "samples_ms": [
            0.02287999913096428,
            0.021056000143289566,
            0.02051199972629547,
            0.020767999812960625,
            0.021215999498963356,
            0.020576000213623047,
            0.021215999498963356,
            0.020320000126957893,
            0.02038400061428547,
            0.020927999168634415,
            0.020191999152302742,
            0.021056000143289566,
            0.02143999934196472,
            0.020416000857949257,
            0.020416000857949257,
            0.020959999412298203,
            0.020959999412298203,
            0.02067199908196926,
            0.020320000126957893,
            0.020320000126957893
          ],
          "median_ms": 0.020719999447464943,
          "p10_ms": 0.020320000126957893,
          "p90_ms": 0.021215999498963356
        }
      },
      "official_profile_cuda_events": []
    }
  ]
}
