....F..F...............................                                  [100%]
=================================== FAILURES ===================================
_______________________ test_gemm[full-fp16-tuned-wide] ________________________

m = 1, n = 7168, k = 16384, dtype = torch.float16, trans_a = False
trans_b = True, tune = True

    @GemmFixture
    def test_gemm(m: int, n: int, k: int, dtype: torch.dtype, trans_a: bool, trans_b: bool,
                  tune: bool) -> None:
        test = GemmTest(m, n, k, dtype, trans_a, trans_b)
        op = GemmOp(trans_a=trans_a, trans_b=trans_b, tune=tune)
        if dtype == torch.float16:
            tolerances = {"atol": 1e-3, "rtol": 1e-3}
        else:
            tolerances = {"atol": 1.6e-2, "rtol": 1.6e-2}
>       test.check(op, *test.gen_inputs(), **tolerances)

tests/ops/test_gemm.py:191:
_ _ _ _ _ _ _ _ _ _ _ _ _ _ _ _ _ _ _ _ _ _ _ _ _ _ _ _ _ _ _ _ _ _ _ _ _ _ _ _
tests/test_base.py:136: in check
    cmp(output, output_ref)
_ _ _ _ _ _ _ _ _ _ _ _ _ _ _ _ _ _ _ _ _ _ _ _ _ _ _ _ _ _ _ _ _ _ _ _ _ _ _ _

output = tensor([[-241.3750,  130.5000,  134.3750,  ..., -151.8750,  -99.0000,
          -56.0625]], device='cuda:0', dtype=torch.float16)
output_ref = tensor([[-241.3750,  130.5000,  134.3750,  ..., -151.8750,  -99.0000,
          -56.0625]], device='cuda:0', dtype=torch.float16)
atol = 0.001, rtol = 0.001

    def allclose_compare(output: torch.Tensor, output_ref: torch.Tensor, atol: float = 1e-8, rtol: float = 1e-5) -> None:
        """Default comparison using torch.allclose."""
        output, output_ref = torch.broadcast_tensors(output, output_ref)
>       torch.testing.assert_close(
            output,
            output_ref,
            atol=atol,
            rtol=rtol,
            equal_nan=True,
        )
E       AssertionError: Tensor-likes are not close!
E
E       Mismatched elements: 11 / 7168 (0.2%)
E       Greatest absolute difference: 0.00390625 at index (0, 3966) (up to 0.001 allowed)
E       Greatest relative difference: 0.01556396484375 at index (0, 6334) (up to 0.001 allowed)

tests/test_base.py:42: AssertionError
----------------------------- Captured stdout call -----------------------------
Start autotuning GemvKernel...
Best config: {'block_n': 1, 'reduce_threads': 32, 'num_stages': 2}
GemvKernel initialized with config: {'block_n': 1, 'reduce_threads': 32, 'num_stages': 2}
2026-08-12 00:43:22  [TileLang:tilelang.jit.kernel:INFO] (kernel.py:129): TileLang begins to compile kernel `_gemv_main` with `out_idx=[2]`
2026-08-12 00:43:22  [TileLang:tilelang.jit.kernel:INFO] (kernel.py:137): TileLang completes to compile kernel `_gemv_main`
______________________ test_gemm[full-fp16-tuned-thin-n] _______________________

m = 7168, n = 1, k = 16384, dtype = torch.float16, trans_a = False
trans_b = False, tune = False

    @GemmFixture
    def test_gemm(m: int, n: int, k: int, dtype: torch.dtype, trans_a: bool, trans_b: bool,
                  tune: bool) -> None:
        test = GemmTest(m, n, k, dtype, trans_a, trans_b)
        op = GemmOp(trans_a=trans_a, trans_b=trans_b, tune=tune)
        if dtype == torch.float16:
            tolerances = {"atol": 1e-3, "rtol": 1e-3}
        else:
            tolerances = {"atol": 1.6e-2, "rtol": 1.6e-2}
>       test.check(op, *test.gen_inputs(), **tolerances)

tests/ops/test_gemm.py:191:
_ _ _ _ _ _ _ _ _ _ _ _ _ _ _ _ _ _ _ _ _ _ _ _ _ _ _ _ _ _ _ _ _ _ _ _ _ _ _ _
tests/test_base.py:136: in check
    cmp(output, output_ref)
_ _ _ _ _ _ _ _ _ _ _ _ _ _ _ _ _ _ _ _ _ _ _ _ _ _ _ _ _ _ _ _ _ _ _ _ _ _ _ _

output = tensor([[  -5.4180],
        [ 177.7500],
        [ 130.1250],
        ...,
        [ -34.2500],
        [ -43.6250],
        [-218.3750]], device='cuda:0', dtype=torch.float16)
output_ref = tensor([[  -5.4180],
        [ 177.7500],
        [ 130.1250],
        ...,
        [ -34.2500],
        [ -43.6250],
        [-218.3750]], device='cuda:0', dtype=torch.float16)
atol = 0.001, rtol = 0.001

    def allclose_compare(output: torch.Tensor, output_ref: torch.Tensor, atol: float = 1e-8, rtol: float = 1e-5) -> None:
        """Default comparison using torch.allclose."""
        output, output_ref = torch.broadcast_tensors(output, output_ref)
>       torch.testing.assert_close(
            output,
            output_ref,
            atol=atol,
            rtol=rtol,
            equal_nan=True,
        )
E       AssertionError: Tensor-likes are not close!
E
E       Mismatched elements: 15 / 7168 (0.2%)
E       Greatest absolute difference: 0.00390625 at index (1401, 0) (up to 0.001 allowed)
E       Greatest relative difference: 0.200927734375 at index (712, 0) (up to 0.001 allowed)

tests/test_base.py:42: AssertionError
----------------------------- Captured stdout call -----------------------------
GemvKernel initialized with config: {'block_n': 8, 'reduce_threads': 32, 'num_stages': 2}
2026-08-12 00:43:23  [TileLang:tilelang.jit.kernel:INFO] (kernel.py:129): TileLang begins to compile kernel `_gemv_main` with `out_idx=[2]`
2026-08-12 00:43:23  [TileLang:tilelang.jit.kernel:INFO] (kernel.py:137): TileLang completes to compile kernel `_gemv_main`
=========================== short test summary info ============================
FAILED tests/ops/test_gemm.py::test_gemm[full-fp16-tuned-wide] - AssertionError: Tensor-likes are not close!

Mismatched elements: 11 / 7168 (0.2%)
Greatest absolute difference: 0.00390625 at index (0, 3966) (up to 0.001 allowed)
Greatest relative difference: 0.01556396484375 at index (0, 6334) (up to 0.001 allowed)
FAILED tests/ops/test_gemm.py::test_gemm[full-fp16-tuned-thin-n] - AssertionError: Tensor-likes are not close!

Mismatched elements: 15 / 7168 (0.2%)
Greatest absolute difference: 0.00390625 at index (1401, 0) (up to 0.001 allowed)
Greatest relative difference: 0.200927734375 at index (712, 0) (up to 0.001 allowed)
2 failed, 37 passed in 14.37s
